2026-04-10 17:44:36,884 - INFO - HTTP Request: POST https://api.telegram.org/bot8649771086:AAH1Y6UNYphhvYaRxoD_5xilfwy8eMmZj5M/getMe "HTTP/1.1 200 OK"
2026-04-10 17:44:37,032 - INFO - HTTP Request: POST https://api.telegram.org/bot8649771086:AAH1Y6UNYphhvYaRxoD_5xilfwy8eMmZj5M/deleteWebhook "HTTP/1.1 200 OK"
2026-04-10 17:44:37,036 - INFO - Application started
2026-04-10 17:44:47,753 - INFO - HTTP Request: POST https://api.telegram.org/bot8649771086:AAH1Y6UNYphhvYaRxoD_5xilfwy8eMmZj5M/getUpdates "HTTP/1.1 200 OK"
2026-04-10 17:44:57,852 - INFO - HTTP Request: POST https://api.telegram.org/bot8649771086:AAH1Y6UNYphhvYaRxoD_5xilfwy8eMmZj5M/getUpdates "HTTP/1.1 200 OK"
2026-04-10 17:45:08,027 - INFO - HTTP Request: POST https://api.telegram.org/bot8649771086:AAH1Y6UNYphhvYaRxoD_5xilfwy8eMmZj5M/getUpdates "HTTP/1.1 200 OK"
2026-04-10 17:45:18,259 - INFO - HTTP Request: POST https://api.telegram.org/bot8649771086:AAH1Y6UNYphhvYaRxoD_5xilfwy8eMmZj5M/getUpdates "HTTP/1.1 200 OK"
2026-04-10 17:45:28,367 - INFO - HTTP Request: POST https://api.telegram.org/bot8649771086:AAH1Y6UNYphhvYaRxoD_5xilfwy8eMmZj5M/getUpdates "HTTP/1.1 200 OK"
2026-04-10 17:45:38,507 - INFO - HTTP Request: POST https://api.telegram.org/bot8649771086:AAH1Y6UNYphhvYaRxoD_5xilfwy8eMmZj5M/getUpdates "HTTP/1.1 200 OK"
2026-04-10 17:45:48,890 - INFO - HTTP Request: POST https://api.telegram.org/bot8649771086:AAH1Y6UNYphhvYaRxoD_5xilfwy8eMmZj5M/getUpdates "HTTP/1.1 200 OK"
2026-04-10 17:45:59,023 - INFO - HTTP Request: POST https://api.telegram.org/bot8649771086:AAH1Y6UNYphhvYaRxoD_5xilfwy8eMmZj5M/getUpdates "HTTP/1.1 200 OK"
2026-04-10 17:46:09,266 - INFO - HTTP Request: POST https://api.telegram.org/bot8649771086:AAH1Y6UNYphhvYaRxoD_5xilfwy8eMmZj5M/getUpdates "HTTP/1.1 200 OK"
2026-04-10 17:46:19,400 - INFO - HTTP Request: POST https://api.telegram.org/bot8649771086:AAH1Y6UNYphhvYaRxoD_5xilfwy8eMmZj5M/getUpdates "HTTP/1.1 200 OK"
2026-04-10 17:46:29,507 - INFO - HTTP Request: POST https://api.telegram.org/bot8649771086:AAH1Y6UNYphhvYaRxoD_5xilfwy8eMmZj5M/getUpdates "HTTP/1.1 200 OK"
2026-04-10 17:46:39,611 - INFO - HTTP Request: POST https://api.telegram.org/bot8649771086:AAH1Y6UNYphhvYaRxoD_5xilfwy8eMmZj5M/getUpdates "HTTP/1.1 200 OK"
2026-04-10 17:46:43,988 - INFO - HTTP Request: POST https://api.telegram.org/bot8649771086:AAH1Y6UNYphhvYaRxoD_5xilfwy8eMmZj5M/getUpdates "HTTP/1.1 200 OK"
2026-04-10 17:46:44,482 - INFO - HTTP Request: POST https://api.telegram.org/bot8649771086:AAH1Y6UNYphhvYaRxoD_5xilfwy8eMmZj5M/sendMessage "HTTP/1.1 200 OK"
2026-04-10 17:46:54,115 - INFO - HTTP Request: POST https://api.telegram.org/bot8649771086:AAH1Y6UNYphhvYaRxoD_5xilfwy8eMmZj5M/getUpdates "HTTP/1.1 200 OK"
2026-04-10 17:47:04,243 - INFO - HTTP Request: POST https://api.telegram.org/bot8649771086:AAH1Y6UNYphhvYaRxoD_5xilfwy8eMmZj5M/getUpdates "HTTP/1.1 200 OK"
2026-04-10 17:47:14,390 - INFO - HTTP Request: POST https://api.telegram.org/bot8649771086:AAH1Y6UNYphhvYaRxoD_5xilfwy8eMmZj5M/getUpdates "HTTP/1.1 200 OK"
2026-04-10 17:47:25,040 - INFO - HTTP Request: POST https://api.telegram.org/bot8649771086:AAH1Y6UNYphhvYaRxoD_5xilfwy8eMmZj5M/getUpdates "HTTP/1.1 200 OK"
2026-04-10 17:47:35,178 - INFO - HTTP Request: POST https://api.telegram.org/bot8649771086:AAH1Y6UNYphhvYaRxoD_5xilfwy8eMmZj5M/getUpdates "HTTP/1.1 200 OK"
2026-04-10 17:47:45,316 - INFO - HTTP Request: POST https://api.telegram.org/bot8649771086:AAH1Y6UNYphhvYaRxoD_5xilfwy8eMmZj5M/getUpdates "HTTP/1.1 200 OK"
2026-04-10 17:47:55,442 - INFO - HTTP Request: POST https://api.telegram.org/bot8649771086:AAH1Y6UNYphhvYaRxoD_5xilfwy8eMmZj5M/getUpdates "HTTP/1.1 200 OK"
2026-04-10 17:48:05,701 - INFO - HTTP Request: POST https://api.telegram.org/bot8649771086:AAH1Y6UNYphhvYaRxoD_5xilfwy8eMmZj5M/getUpdates "HTTP/1.1 200 OK"
2026-04-10 17:48:15,830 - INFO - HTTP Request: POST https://api.telegram.org/bot8649771086:AAH1Y6UNYphhvYaRxoD_5xilfwy8eMmZj5M/getUpdates "HTTP/1.1 200 OK"
2026-04-10 17:48:25,935 - INFO - HTTP Request: POST https://api.telegram.org/bot8649771086:AAH1Y6UNYphhvYaRxoD_5xilfwy8eMmZj5M/getUpdates "HTTP/1.1 200 OK"
2026-04-10 17:48:36,033 - INFO - HTTP Request: POST https://api.telegram.org/bot8649771086:AAH1Y6UNYphhvYaRxoD_5xilfwy8eMmZj5M/getUpdates "HTTP/1.1 200 OK"
2026-04-10 17:48:46,134 - INFO - HTTP Request: POST https://api.telegram.org/bot8649771086:AAH1Y6UNYphhvYaRxoD_5xilfwy8eMmZj5M/getUpdates "HTTP/1.1 200 OK"
2026-04-10 17:48:56,239 - INFO - HTTP Request: POST https://api.telegram.org/bot8649771086:AAH1Y6UNYphhvYaRxoD_5xilfwy8eMmZj5M/getUpdates "HTTP/1.1 200 OK"
2026-04-10 17:49:06,345 - INFO - HTTP Request: POST https://api.telegram.org/bot8649771086:AAH1Y6UNYphhvYaRxoD_5xilfwy8eMmZj5M/getUpdates "HTTP/1.1 200 OK"
2026-04-10 17:49:16,453 - INFO - HTTP Request: POST https://api.telegram.org/bot8649771086:AAH1Y6UNYphhvYaRxoD_5xilfwy8eMmZj5M/getUpdates "HTTP/1.1 200 OK"
2026-04-10 17:49:26,513 - INFO - HTTP Request: POST https://api.telegram.org/bot8649771086:AAH1Y6UNYphhvYaRxoD_5xilfwy8eMmZj5M/getUpdates "HTTP/1.1 200 OK"
2026-04-10 17:49:26,978 - INFO - HTTP Request: POST https://api.telegram.org/bot8649771086:AAH1Y6UNYphhvYaRxoD_5xilfwy8eMmZj5M/sendMessage "HTTP/1.1 200 OK"
2026-04-10 17:49:31,873 - INFO - HTTP Request: POST https://api.telegram.org/bot8649771086:AAH1Y6UNYphhvYaRxoD_5xilfwy8eMmZj5M/getUpdates "HTTP/1.1 200 OK"
2026-04-10 17:49:33,575 - INFO - HTTP Request: POST https://api.telegram.org/bot8649771086:AAH1Y6UNYphhvYaRxoD_5xilfwy8eMmZj5M/sendMessage "HTTP/1.1 200 OK"
2026-04-10 17:49:43,183 - INFO - HTTP Request: POST https://api.telegram.org/bot8649771086:AAH1Y6UNYphhvYaRxoD_5xilfwy8eMmZj5M/getUpdates "HTTP/1.1 200 OK"
2026-04-10 17:49:52,939 - INFO - HTTP Request: POST https://api.telegram.org/bot8649771086:AAH1Y6UNYphhvYaRxoD_5xilfwy8eMmZj5M/getUpdates "HTTP/1.1 200 OK"
2026-04-10 17:49:53,400 - INFO - HTTP Request: POST https://api.telegram.org/bot8649771086:AAH1Y6UNYphhvYaRxoD_5xilfwy8eMmZj5M/sendMessage "HTTP/1.1 200 OK"
2026-04-10 17:50:03,069 - INFO - HTTP Request: POST https://api.telegram.org/bot8649771086:AAH1Y6UNYphhvYaRxoD_5xilfwy8eMmZj5M/getUpdates "HTTP/1.1 200 OK"
2026-04-10 17:50:13,174 - INFO - HTTP Request: POST https://api.telegram.org/bot8649771086:AAH1Y6UNYphhvYaRxoD_5xilfwy8eMmZj5M/getUpdates "HTTP/1.1 200 OK"
2026-04-10 17:50:23,281 - INFO - HTTP Request: POST https://api.telegram.org/bot8649771086:AAH1Y6UNYphhvYaRxoD_5xilfwy8eMmZj5M/getUpdates "HTTP/1.1 200 OK"
2026-04-10 17:50:33,713 - INFO - HTTP Request: POST https://api.telegram.org/bot8649771086:AAH1Y6UNYphhvYaRxoD_5xilfwy8eMmZj5M/getUpdates "HTTP/1.1 200 OK"
2026-04-10 17:50:43,904 - INFO - HTTP Request: POST https://api.telegram.org/bot8649771086:AAH1Y6UNYphhvYaRxoD_5xilfwy8eMmZj5M/getUpdates "HTTP/1.1 200 OK"
2026-04-10 17:50:54,094 - INFO - HTTP Request: POST https://api.telegram.org/bot8649771086:AAH1Y6UNYphhvYaRxoD_5xilfwy8eMmZj5M/getUpdates "HTTP/1.1 200 OK"
2026-04-10 17:51:04,385 - INFO - HTTP Request: POST https://api.telegram.org/bot8649771086:AAH1Y6UNYphhvYaRxoD_5xilfwy8eMmZj5M/getUpdates "HTTP/1.1 200 OK"
2026-04-10 17:51:14,504 - INFO - HTTP Request: POST https://api.telegram.org/bot8649771086:AAH1Y6UNYphhvYaRxoD_5xilfwy8eMmZj5M/getUpdates "HTTP/1.1 200 OK"
2026-04-10 17:51:24,613 - INFO - HTTP Request: POST https://api.telegram.org/bot8649771086:AAH1Y6UNYphhvYaRxoD_5xilfwy8eMmZj5M/getUpdates "HTTP/1.1 200 OK"
2026-04-10 17:51:34,715 - INFO - HTTP Request: POST https://api.telegram.org/bot8649771086:AAH1Y6UNYphhvYaRxoD_5xilfwy8eMmZj5M/getUpdates "HTTP/1.1 200 OK"
2026-04-10 17:51:44,817 - INFO - HTTP Request: POST https://api.telegram.org/bot8649771086:AAH1Y6UNYphhvYaRxoD_5xilfwy8eMmZj5M/getUpdates "HTTP/1.1 200 OK"
2026-04-10 17:51:54,920 - INFO - HTTP Request: POST https://api.telegram.org/bot8649771086:AAH1Y6UNYphhvYaRxoD_5xilfwy8eMmZj5M/getUpdates "HTTP/1.1 200 OK"
2026-04-10 17:52:05,033 - INFO - HTTP Request: POST https://api.telegram.org/bot8649771086:AAH1Y6UNYphhvYaRxoD_5xilfwy8eMmZj5M/getUpdates "HTTP/1.1 200 OK"
2026-04-10 17:52:15,217 - INFO - HTTP Request: POST https://api.telegram.org/bot8649771086:AAH1Y6UNYphhvYaRxoD_5xilfwy8eMmZj5M/getUpdates "HTTP/1.1 200 OK"
2026-04-10 17:52:25,383 - INFO - HTTP Request: POST https://api.telegram.org/bot8649771086:AAH1Y6UNYphhvYaRxoD_5xilfwy8eMmZj5M/getUpdates "HTTP/1.1 200 OK"
2026-04-10 17:52:35,522 - INFO - HTTP Request: POST https://api.telegram.org/bot8649771086:AAH1Y6UNYphhvYaRxoD_5xilfwy8eMmZj5M/getUpdates "HTTP/1.1 200 OK"
2026-04-10 17:52:45,761 - INFO - HTTP Request: POST https://api.telegram.org/bot8649771086:AAH1Y6UNYphhvYaRxoD_5xilfwy8eMmZj5M/getUpdates "HTTP/1.1 200 OK"
2026-04-10 17:52:53,945 - INFO - HTTP Request: POST https://api.telegram.org/bot8649771086:AAH1Y6UNYphhvYaRxoD_5xilfwy8eMmZj5M/getUpdates "HTTP/1.1 200 OK"
2026-04-10 17:52:54,465 - INFO - HTTP Request: POST https://api.telegram.org/bot8649771086:AAH1Y6UNYphhvYaRxoD_5xilfwy8eMmZj5M/sendMessage "HTTP/1.1 200 OK"
2026-04-10 17:53:04,127 - INFO - HTTP Request: POST https://api.telegram.org/bot8649771086:AAH1Y6UNYphhvYaRxoD_5xilfwy8eMmZj5M/getUpdates "HTTP/1.1 200 OK"
2026-04-10 17:53:14,228 - INFO - HTTP Request: POST https://api.telegram.org/bot8649771086:AAH1Y6UNYphhvYaRxoD_5xilfwy8eMmZj5M/getUpdates "HTTP/1.1 200 OK"
2026-04-10 17:53:24,367 - INFO - HTTP Request: POST https://api.telegram.org/bot8649771086:AAH1Y6UNYphhvYaRxoD_5xilfwy8eMmZj5M/getUpdates "HTTP/1.1 200 OK"
2026-04-10 17:53:34,609 - INFO - HTTP Request: POST https://api.telegram.org/bot8649771086:AAH1Y6UNYphhvYaRxoD_5xilfwy8eMmZj5M/getUpdates "HTTP/1.1 200 OK"
2026-04-10 17:53:45,053 - INFO - HTTP Request: POST https://api.telegram.org/bot8649771086:AAH1Y6UNYphhvYaRxoD_5xilfwy8eMmZj5M/getUpdates "HTTP/1.1 200 OK"
2026-04-10 17:53:55,160 - INFO - HTTP Request: POST https://api.telegram.org/bot8649771086:AAH1Y6UNYphhvYaRxoD_5xilfwy8eMmZj5M/getUpdates "HTTP/1.1 200 OK"
2026-04-10 17:54:05,328 - INFO - HTTP Request: POST https://api.telegram.org/bot8649771086:AAH1Y6UNYphhvYaRxoD_5xilfwy8eMmZj5M/getUpdates "HTTP/1.1 200 OK"
2026-04-10 17:54:15,470 - INFO - HTTP Request: POST https://api.telegram.org/bot8649771086:AAH1Y6UNYphhvYaRxoD_5xilfwy8eMmZj5M/getUpdates "HTTP/1.1 200 OK"
2026-04-10 17:54:25,579 - INFO - HTTP Request: POST https://api.telegram.org/bot8649771086:AAH1Y6UNYphhvYaRxoD_5xilfwy8eMmZj5M/getUpdates "HTTP/1.1 200 OK"
2026-04-10 17:54:35,750 - INFO - HTTP Request: POST https://api.telegram.org/bot8649771086:AAH1Y6UNYphhvYaRxoD_5xilfwy8eMmZj5M/getUpdates "HTTP/1.1 200 OK"
2026-04-10 17:54:45,855 - INFO - HTTP Request: POST https://api.telegram.org/bot8649771086:AAH1Y6UNYphhvYaRxoD_5xilfwy8eMmZj5M/getUpdates "HTTP/1.1 200 OK"
2026-04-10 17:54:56,006 - INFO - HTTP Request: POST https://api.telegram.org/bot8649771086:AAH1Y6UNYphhvYaRxoD_5xilfwy8eMmZj5M/getUpdates "HTTP/1.1 200 OK"
2026-04-10 17:55:06,154 - INFO - HTTP Request: POST https://api.telegram.org/bot8649771086:AAH1Y6UNYphhvYaRxoD_5xilfwy8eMmZj5M/getUpdates "HTTP/1.1 200 OK"
2026-04-10 17:55:16,293 - INFO - HTTP Request: POST https://api.telegram.org/bot8649771086:AAH1Y6UNYphhvYaRxoD_5xilfwy8eMmZj5M/getUpdates "HTTP/1.1 200 OK"
2026-04-10 17:55:26,399 - INFO - HTTP Request: POST https://api.telegram.org/bot8649771086:AAH1Y6UNYphhvYaRxoD_5xilfwy8eMmZj5M/getUpdates "HTTP/1.1 200 OK"
2026-04-10 17:55:36,510 - INFO - HTTP Request: POST https://api.telegram.org/bot8649771086:AAH1Y6UNYphhvYaRxoD_5xilfwy8eMmZj5M/getUpdates "HTTP/1.1 200 OK"
2026-04-10 20:55:48,484 - ERROR - No error handlers are registered, logging exception.
Traceback (most recent call last):
  File "C:\Users\jeffc\AppData\Local\Programs\Python\Python313\Lib\site-packages\httpx\_transports\default.py", line 101, in map_httpcore_exceptions
    yield
  File "C:\Users\jeffc\AppData\Local\Programs\Python\Python313\Lib\site-packages\httpx\_transports\default.py", line 394, in handle_async_request
    resp = await self._pool.handle_async_request(req)
           ^^^^^^^^^^^^^^^^^^^^^^^^^^^^^^^^^^^^^^^^^^
  File "C:\Users\jeffc\AppData\Local\Programs\Python\Python313\Lib\site-packages\httpcore\_async\connection_pool.py", line 256, in handle_async_request
    raise exc from None
  File "C:\Users\jeffc\AppData\Local\Programs\Python\Python313\Lib\site-packages\httpcore\_async\connection_pool.py", line 236, in handle_async_request
    response = await connection.handle_async_request(
               ^^^^^^^^^^^^^^^^^^^^^^^^^^^^^^^^^^^^^^
        pool_request.request
        ^^^^^^^^^^^^^^^^^^^^
    )
    ^
  File "C:\Users\jeffc\AppData\Local\Programs\Python\Python313\Lib\site-packages\httpcore\_async\connection.py", line 101, in handle_async_request
    raise exc
  File "C:\Users\jeffc\AppData\Local\Programs\Python\Python313\Lib\site-packages\httpcore\_async\connection.py", line 78, in handle_async_request
    stream = await self._connect(request)
             ^^^^^^^^^^^^^^^^^^^^^^^^^^^^
  File "C:\Users\jeffc\AppData\Local\Programs\Python\Python313\Lib\site-packages\httpcore\_async\connection.py", line 124, in _connect
    stream = await self._network_backend.connect_tcp(**kwargs)
             ^^^^^^^^^^^^^^^^^^^^^^^^^^^^^^^^^^^^^^^^^^^^^^^^^
  File "C:\Users\jeffc\AppData\Local\Programs\Python\Python313\Lib\site-packages\httpcore\_backends\auto.py", line 31, in connect_tcp
    return await self._backend.connect_tcp(
           ^^^^^^^^^^^^^^^^^^^^^^^^^^^^^^^^
    ...<5 lines>...
    )
    ^
  File "C:\Users\jeffc\AppData\Local\Programs\Python\Python313\Lib\site-packages\httpcore\_backends\anyio.py", line 113, in connect_tcp
    with map_exceptions(exc_map):
         ~~~~~~~~~~~~~~^^^^^^^^^
  File "C:\Users\jeffc\AppData\Local\Programs\Python\Python313\Lib\contextlib.py", line 162, in __exit__
    self.gen.throw(value)
    ~~~~~~~~~~~~~~^^^^^^^
  File "C:\Users\jeffc\AppData\Local\Programs\Python\Python313\Lib\site-packages\httpcore\_exceptions.py", line 14, in map_exceptions
    raise to_exc(exc) from exc
httpcore.ConnectError: [Errno 11001] getaddrinfo failed

The above exception was the direct cause of the following exception:

Traceback (most recent call last):
  File "C:\Users\jeffc\AppData\Local\Programs\Python\Python313\Lib\site-packages\telegram\request\_httpxrequest.py", line 279, in do_request
    res = await self._client.request(
          ^^^^^^^^^^^^^^^^^^^^^^^^^^^
    ...<6 lines>...
    )
    ^
  File "C:\Users\jeffc\AppData\Local\Programs\Python\Python313\Lib\site-packages\httpx\_client.py", line 1540, in request
    return await self.send(request, auth=auth, follow_redirects=follow_redirects)
           ^^^^^^^^^^^^^^^^^^^^^^^^^^^^^^^^^^^^^^^^^^^^^^^^^^^^^^^^^^^^^^^^^^^^^^
  File "C:\Users\jeffc\AppData\Local\Programs\Python\Python313\Lib\site-packages\httpx\_client.py", line 1629, in send
    response = await self._send_handling_auth(
               ^^^^^^^^^^^^^^^^^^^^^^^^^^^^^^^
    ...<4 lines>...
    )
    ^
  File "C:\Users\jeffc\AppData\Local\Programs\Python\Python313\Lib\site-packages\httpx\_client.py", line 1657, in _send_handling_auth
    response = await self._send_handling_redirects(
               ^^^^^^^^^^^^^^^^^^^^^^^^^^^^^^^^^^^^
    ...<3 lines>...
    )
    ^
  File "C:\Users\jeffc\AppData\Local\Programs\Python\Python313\Lib\site-packages\httpx\_client.py", line 1694, in _send_handling_redirects
    response = await self._send_single_request(request)
               ^^^^^^^^^^^^^^^^^^^^^^^^^^^^^^^^^^^^^^^^
  File "C:\Users\jeffc\AppData\Local\Programs\Python\Python313\Lib\site-packages\httpx\_client.py", line 1730, in _send_single_request
    response = await transport.handle_async_request(request)
               ^^^^^^^^^^^^^^^^^^^^^^^^^^^^^^^^^^^^^^^^^^^^^
  File "C:\Users\jeffc\AppData\Local\Programs\Python\Python313\Lib\site-packages\httpx\_transports\default.py", line 393, in handle_async_request
    with map_httpcore_exceptions():
         ~~~~~~~~~~~~~~~~~~~~~~~^^
  File "C:\Users\jeffc\AppData\Local\Programs\Python\Python313\Lib\contextlib.py", line 162, in __exit__
    self.gen.throw(value)
    ~~~~~~~~~~~~~~^^^^^^^
  File "C:\Users\jeffc\AppData\Local\Programs\Python\Python313\Lib\site-packages\httpx\_transports\default.py", line 118, in map_httpcore_exceptions
    raise mapped_exc(message) from exc
httpx.ConnectError: [Errno 11001] getaddrinfo failed

The above exception was the direct cause of the following exception:

Traceback (most recent call last):
  File "C:\Users\jeffc\AppData\Local\Programs\Python\Python313\Lib\site-packages\telegram\ext\_utils\networkloop.py", line 161, in network_retry_loop
    await do_action()
  File "C:\Users\jeffc\AppData\Local\Programs\Python\Python313\Lib\site-packages\telegram\ext\_utils\networkloop.py", line 154, in do_action
    action_cb_task.result()
    ~~~~~~~~~~~~~~~~~~~~~^^
  File "C:\Users\jeffc\AppData\Local\Programs\Python\Python313\Lib\site-packages\telegram\ext\_updater.py", line 340, in polling_action_cb
    updates = await self.bot.get_updates(
              ^^^^^^^^^^^^^^^^^^^^^^^^^^^
    ...<3 lines>...
    )
    ^
  File "C:\Users\jeffc\AppData\Local\Programs\Python\Python313\Lib\site-packages\telegram\ext\_extbot.py", line 672, in get_updates
    updates = await super().get_updates(
              ^^^^^^^^^^^^^^^^^^^^^^^^^^
    ...<9 lines>...
    )
    ^
  File "C:\Users\jeffc\AppData\Local\Programs\Python\Python313\Lib\site-packages\telegram\_bot.py", line 4865, in get_updates
    await self._post(
    ^^^^^^^^^^^^^^^^^
    ...<7 lines>...
    ),
    ^
  File "C:\Users\jeffc\AppData\Local\Programs\Python\Python313\Lib\site-packages\telegram\_bot.py", line 704, in _post
    return await self._do_post(
           ^^^^^^^^^^^^^^^^^^^^
    ...<6 lines>...
    )
    ^
  File "C:\Users\jeffc\AppData\Local\Programs\Python\Python313\Lib\site-packages\telegram\ext\_extbot.py", line 370, in _do_post
    return await super()._do_post(
           ^^^^^^^^^^^^^^^^^^^^^^^
    ...<6 lines>...
    )
    ^
  File "C:\Users\jeffc\AppData\Local\Programs\Python\Python313\Lib\site-packages\telegram\_bot.py", line 733, in _do_post
    result = await request.post(
             ^^^^^^^^^^^^^^^^^^^
    ...<6 lines>...
    )
    ^
  File "C:\Users\jeffc\AppData\Local\Programs\Python\Python313\Lib\site-packages\telegram\request\_baserequest.py", line 198, in post
    result = await self._request_wrapper(
             ^^^^^^^^^^^^^^^^^^^^^^^^^^^^
    ...<7 lines>...
    )
    ^
  File "C:\Users\jeffc\AppData\Local\Programs\Python\Python313\Lib\site-packages\telegram\request\_baserequest.py", line 305, in _request_wrapper
    code, payload = await self.do_request(
                    ^^^^^^^^^^^^^^^^^^^^^^
    ...<7 lines>...
    )
    ^
  File "C:\Users\jeffc\AppData\Local\Programs\Python\Python313\Lib\site-packages\telegram\request\_httpxrequest.py", line 303, in do_request
    raise NetworkError(f"httpx.{err.__class__.__name__}: {err}") from err
telegram.error.NetworkError: httpx.ConnectError: [Errno 11001] getaddrinfo failed
2026-04-10 20:56:00,657 - INFO - HTTP Request: POST https://api.telegram.org/bot8649771086:AAH1Y6UNYphhvYaRxoD_5xilfwy8eMmZj5M/getUpdates "HTTP/1.1 200 OK"
2026-04-10 20:56:10,756 - INFO - HTTP Request: POST https://api.telegram.org/bot8649771086:AAH1Y6UNYphhvYaRxoD_5xilfwy8eMmZj5M/getUpdates "HTTP/1.1 200 OK"
2026-04-10 22:50:10,549 - ERROR - No error handlers are registered, logging exception.
Traceback (most recent call last):
  File "C:\Users\jeffc\AppData\Local\Programs\Python\Python313\Lib\site-packages\httpx\_transports\default.py", line 101, in map_httpcore_exceptions
    yield
  File "C:\Users\jeffc\AppData\Local\Programs\Python\Python313\Lib\site-packages\httpx\_transports\default.py", line 394, in handle_async_request
    resp = await self._pool.handle_async_request(req)
           ^^^^^^^^^^^^^^^^^^^^^^^^^^^^^^^^^^^^^^^^^^
  File "C:\Users\jeffc\AppData\Local\Programs\Python\Python313\Lib\site-packages\httpcore\_async\connection_pool.py", line 256, in handle_async_request
    raise exc from None
  File "C:\Users\jeffc\AppData\Local\Programs\Python\Python313\Lib\site-packages\httpcore\_async\connection_pool.py", line 236, in handle_async_request
    response = await connection.handle_async_request(
               ^^^^^^^^^^^^^^^^^^^^^^^^^^^^^^^^^^^^^^
        pool_request.request
        ^^^^^^^^^^^^^^^^^^^^
    )
    ^
  File "C:\Users\jeffc\AppData\Local\Programs\Python\Python313\Lib\site-packages\httpcore\_async\connection.py", line 101, in handle_async_request
    raise exc
  File "C:\Users\jeffc\AppData\Local\Programs\Python\Python313\Lib\site-packages\httpcore\_async\connection.py", line 78, in handle_async_request
    stream = await self._connect(request)
             ^^^^^^^^^^^^^^^^^^^^^^^^^^^^
  File "C:\Users\jeffc\AppData\Local\Programs\Python\Python313\Lib\site-packages\httpcore\_async\connection.py", line 124, in _connect
    stream = await self._network_backend.connect_tcp(**kwargs)
             ^^^^^^^^^^^^^^^^^^^^^^^^^^^^^^^^^^^^^^^^^^^^^^^^^
  File "C:\Users\jeffc\AppData\Local\Programs\Python\Python313\Lib\site-packages\httpcore\_backends\auto.py", line 31, in connect_tcp
    return await self._backend.connect_tcp(
           ^^^^^^^^^^^^^^^^^^^^^^^^^^^^^^^^
    ...<5 lines>...
    )
    ^
  File "C:\Users\jeffc\AppData\Local\Programs\Python\Python313\Lib\site-packages\httpcore\_backends\anyio.py", line 113, in connect_tcp
    with map_exceptions(exc_map):
         ~~~~~~~~~~~~~~^^^^^^^^^
  File "C:\Users\jeffc\AppData\Local\Programs\Python\Python313\Lib\contextlib.py", line 162, in __exit__
    self.gen.throw(value)
    ~~~~~~~~~~~~~~^^^^^^^
  File "C:\Users\jeffc\AppData\Local\Programs\Python\Python313\Lib\site-packages\httpcore\_exceptions.py", line 14, in map_exceptions
    raise to_exc(exc) from exc
httpcore.ConnectError: [Errno 11001] getaddrinfo failed

The above exception was the direct cause of the following exception:

Traceback (most recent call last):
  File "C:\Users\jeffc\AppData\Local\Programs\Python\Python313\Lib\site-packages\telegram\request\_httpxrequest.py", line 279, in do_request
    res = await self._client.request(
          ^^^^^^^^^^^^^^^^^^^^^^^^^^^
    ...<6 lines>...
    )
    ^
  File "C:\Users\jeffc\AppData\Local\Programs\Python\Python313\Lib\site-packages\httpx\_client.py", line 1540, in request
    return await self.send(request, auth=auth, follow_redirects=follow_redirects)
           ^^^^^^^^^^^^^^^^^^^^^^^^^^^^^^^^^^^^^^^^^^^^^^^^^^^^^^^^^^^^^^^^^^^^^^
  File "C:\Users\jeffc\AppData\Local\Programs\Python\Python313\Lib\site-packages\httpx\_client.py", line 1629, in send
    response = await self._send_handling_auth(
               ^^^^^^^^^^^^^^^^^^^^^^^^^^^^^^^
    ...<4 lines>...
    )
    ^
  File "C:\Users\jeffc\AppData\Local\Programs\Python\Python313\Lib\site-packages\httpx\_client.py", line 1657, in _send_handling_auth
    response = await self._send_handling_redirects(
               ^^^^^^^^^^^^^^^^^^^^^^^^^^^^^^^^^^^^
    ...<3 lines>...
    )
    ^
  File "C:\Users\jeffc\AppData\Local\Programs\Python\Python313\Lib\site-packages\httpx\_client.py", line 1694, in _send_handling_redirects
    response = await self._send_single_request(request)
               ^^^^^^^^^^^^^^^^^^^^^^^^^^^^^^^^^^^^^^^^
  File "C:\Users\jeffc\AppData\Local\Programs\Python\Python313\Lib\site-packages\httpx\_client.py", line 1730, in _send_single_request
    response = await transport.handle_async_request(request)
               ^^^^^^^^^^^^^^^^^^^^^^^^^^^^^^^^^^^^^^^^^^^^^
  File "C:\Users\jeffc\AppData\Local\Programs\Python\Python313\Lib\site-packages\httpx\_transports\default.py", line 393, in handle_async_request
    with map_httpcore_exceptions():
         ~~~~~~~~~~~~~~~~~~~~~~~^^
  File "C:\Users\jeffc\AppData\Local\Programs\Python\Python313\Lib\contextlib.py", line 162, in __exit__
    self.gen.throw(value)
    ~~~~~~~~~~~~~~^^^^^^^
  File "C:\Users\jeffc\AppData\Local\Programs\Python\Python313\Lib\site-packages\httpx\_transports\default.py", line 118, in map_httpcore_exceptions
    raise mapped_exc(message) from exc
httpx.ConnectError: [Errno 11001] getaddrinfo failed

The above exception was the direct cause of the following exception:

Traceback (most recent call last):
  File "C:\Users\jeffc\AppData\Local\Programs\Python\Python313\Lib\site-packages\telegram\ext\_utils\networkloop.py", line 161, in network_retry_loop
    await do_action()
  File "C:\Users\jeffc\AppData\Local\Programs\Python\Python313\Lib\site-packages\telegram\ext\_utils\networkloop.py", line 154, in do_action
    action_cb_task.result()
    ~~~~~~~~~~~~~~~~~~~~~^^
  File "C:\Users\jeffc\AppData\Local\Programs\Python\Python313\Lib\site-packages\telegram\ext\_updater.py", line 340, in polling_action_cb
    updates = await self.bot.get_updates(
              ^^^^^^^^^^^^^^^^^^^^^^^^^^^
    ...<3 lines>...
    )
    ^
  File "C:\Users\jeffc\AppData\Local\Programs\Python\Python313\Lib\site-packages\telegram\ext\_extbot.py", line 672, in get_updates
    updates = await super().get_updates(
              ^^^^^^^^^^^^^^^^^^^^^^^^^^
    ...<9 lines>...
    )
    ^
  File "C:\Users\jeffc\AppData\Local\Programs\Python\Python313\Lib\site-packages\telegram\_bot.py", line 4865, in get_updates
    await self._post(
    ^^^^^^^^^^^^^^^^^
    ...<7 lines>...
    ),
    ^
  File "C:\Users\jeffc\AppData\Local\Programs\Python\Python313\Lib\site-packages\telegram\_bot.py", line 704, in _post
    return await self._do_post(
           ^^^^^^^^^^^^^^^^^^^^
    ...<6 lines>...
    )
    ^
  File "C:\Users\jeffc\AppData\Local\Programs\Python\Python313\Lib\site-packages\telegram\ext\_extbot.py", line 370, in _do_post
    return await super()._do_post(
           ^^^^^^^^^^^^^^^^^^^^^^^
    ...<6 lines>...
    )
    ^
  File "C:\Users\jeffc\AppData\Local\Programs\Python\Python313\Lib\site-packages\telegram\_bot.py", line 733, in _do_post
    result = await request.post(
             ^^^^^^^^^^^^^^^^^^^
    ...<6 lines>...
    )
    ^
  File "C:\Users\jeffc\AppData\Local\Programs\Python\Python313\Lib\site-packages\telegram\request\_baserequest.py", line 198, in post
    result = await self._request_wrapper(
             ^^^^^^^^^^^^^^^^^^^^^^^^^^^^
    ...<7 lines>...
    )
    ^
  File "C:\Users\jeffc\AppData\Local\Programs\Python\Python313\Lib\site-packages\telegram\request\_baserequest.py", line 305, in _request_wrapper
    code, payload = await self.do_request(
                    ^^^^^^^^^^^^^^^^^^^^^^
    ...<7 lines>...
    )
    ^
  File "C:\Users\jeffc\AppData\Local\Programs\Python\Python313\Lib\site-packages\telegram\request\_httpxrequest.py", line 303, in do_request
    raise NetworkError(f"httpx.{err.__class__.__name__}: {err}") from err
telegram.error.NetworkError: httpx.ConnectError: [Errno 11001] getaddrinfo failed
2026-04-10 22:50:11,562 - ERROR - No error handlers are registered, logging exception.
Traceback (most recent call last):
  File "C:\Users\jeffc\AppData\Local\Programs\Python\Python313\Lib\site-packages\httpx\_transports\default.py", line 101, in map_httpcore_exceptions
    yield
  File "C:\Users\jeffc\AppData\Local\Programs\Python\Python313\Lib\site-packages\httpx\_transports\default.py", line 394, in handle_async_request
    resp = await self._pool.handle_async_request(req)
           ^^^^^^^^^^^^^^^^^^^^^^^^^^^^^^^^^^^^^^^^^^
  File "C:\Users\jeffc\AppData\Local\Programs\Python\Python313\Lib\site-packages\httpcore\_async\connection_pool.py", line 256, in handle_async_request
    raise exc from None
  File "C:\Users\jeffc\AppData\Local\Programs\Python\Python313\Lib\site-packages\httpcore\_async\connection_pool.py", line 236, in handle_async_request
    response = await connection.handle_async_request(
               ^^^^^^^^^^^^^^^^^^^^^^^^^^^^^^^^^^^^^^
        pool_request.request
        ^^^^^^^^^^^^^^^^^^^^
    )
    ^
  File "C:\Users\jeffc\AppData\Local\Programs\Python\Python313\Lib\site-packages\httpcore\_async\connection.py", line 101, in handle_async_request
    raise exc
  File "C:\Users\jeffc\AppData\Local\Programs\Python\Python313\Lib\site-packages\httpcore\_async\connection.py", line 78, in handle_async_request
    stream = await self._connect(request)
             ^^^^^^^^^^^^^^^^^^^^^^^^^^^^
  File "C:\Users\jeffc\AppData\Local\Programs\Python\Python313\Lib\site-packages\httpcore\_async\connection.py", line 124, in _connect
    stream = await self._network_backend.connect_tcp(**kwargs)
             ^^^^^^^^^^^^^^^^^^^^^^^^^^^^^^^^^^^^^^^^^^^^^^^^^
  File "C:\Users\jeffc\AppData\Local\Programs\Python\Python313\Lib\site-packages\httpcore\_backends\auto.py", line 31, in connect_tcp
    return await self._backend.connect_tcp(
           ^^^^^^^^^^^^^^^^^^^^^^^^^^^^^^^^
    ...<5 lines>...
    )
    ^
  File "C:\Users\jeffc\AppData\Local\Programs\Python\Python313\Lib\site-packages\httpcore\_backends\anyio.py", line 113, in connect_tcp
    with map_exceptions(exc_map):
         ~~~~~~~~~~~~~~^^^^^^^^^
  File "C:\Users\jeffc\AppData\Local\Programs\Python\Python313\Lib\contextlib.py", line 162, in __exit__
    self.gen.throw(value)
    ~~~~~~~~~~~~~~^^^^^^^
  File "C:\Users\jeffc\AppData\Local\Programs\Python\Python313\Lib\site-packages\httpcore\_exceptions.py", line 14, in map_exceptions
    raise to_exc(exc) from exc
httpcore.ConnectError: [Errno 11001] getaddrinfo failed

The above exception was the direct cause of the following exception:

Traceback (most recent call last):
  File "C:\Users\jeffc\AppData\Local\Programs\Python\Python313\Lib\site-packages\telegram\request\_httpxrequest.py", line 279, in do_request
    res = await self._client.request(
          ^^^^^^^^^^^^^^^^^^^^^^^^^^^
    ...<6 lines>...
    )
    ^
  File "C:\Users\jeffc\AppData\Local\Programs\Python\Python313\Lib\site-packages\httpx\_client.py", line 1540, in request
    return await self.send(request, auth=auth, follow_redirects=follow_redirects)
           ^^^^^^^^^^^^^^^^^^^^^^^^^^^^^^^^^^^^^^^^^^^^^^^^^^^^^^^^^^^^^^^^^^^^^^
  File "C:\Users\jeffc\AppData\Local\Programs\Python\Python313\Lib\site-packages\httpx\_client.py", line 1629, in send
    response = await self._send_handling_auth(
               ^^^^^^^^^^^^^^^^^^^^^^^^^^^^^^^
    ...<4 lines>...
    )
    ^
  File "C:\Users\jeffc\AppData\Local\Programs\Python\Python313\Lib\site-packages\httpx\_client.py", line 1657, in _send_handling_auth
    response = await self._send_handling_redirects(
               ^^^^^^^^^^^^^^^^^^^^^^^^^^^^^^^^^^^^
    ...<3 lines>...
    )
    ^
  File "C:\Users\jeffc\AppData\Local\Programs\Python\Python313\Lib\site-packages\httpx\_client.py", line 1694, in _send_handling_redirects
    response = await self._send_single_request(request)
               ^^^^^^^^^^^^^^^^^^^^^^^^^^^^^^^^^^^^^^^^
  File "C:\Users\jeffc\AppData\Local\Programs\Python\Python313\Lib\site-packages\httpx\_client.py", line 1730, in _send_single_request
    response = await transport.handle_async_request(request)
               ^^^^^^^^^^^^^^^^^^^^^^^^^^^^^^^^^^^^^^^^^^^^^
  File "C:\Users\jeffc\AppData\Local\Programs\Python\Python313\Lib\site-packages\httpx\_transports\default.py", line 393, in handle_async_request
    with map_httpcore_exceptions():
         ~~~~~~~~~~~~~~~~~~~~~~~^^
  File "C:\Users\jeffc\AppData\Local\Programs\Python\Python313\Lib\contextlib.py", line 162, in __exit__
    self.gen.throw(value)
    ~~~~~~~~~~~~~~^^^^^^^
  File "C:\Users\jeffc\AppData\Local\Programs\Python\Python313\Lib\site-packages\httpx\_transports\default.py", line 118, in map_httpcore_exceptions
    raise mapped_exc(message) from exc
httpx.ConnectError: [Errno 11001] getaddrinfo failed

The above exception was the direct cause of the following exception:

Traceback (most recent call last):
  File "C:\Users\jeffc\AppData\Local\Programs\Python\Python313\Lib\site-packages\telegram\ext\_utils\networkloop.py", line 161, in network_retry_loop
    await do_action()
  File "C:\Users\jeffc\AppData\Local\Programs\Python\Python313\Lib\site-packages\telegram\ext\_utils\networkloop.py", line 154, in do_action
    action_cb_task.result()
    ~~~~~~~~~~~~~~~~~~~~~^^
  File "C:\Users\jeffc\AppData\Local\Programs\Python\Python313\Lib\site-packages\telegram\ext\_updater.py", line 340, in polling_action_cb
    updates = await self.bot.get_updates(
              ^^^^^^^^^^^^^^^^^^^^^^^^^^^
    ...<3 lines>...
    )
    ^
  File "C:\Users\jeffc\AppData\Local\Programs\Python\Python313\Lib\site-packages\telegram\ext\_extbot.py", line 672, in get_updates
    updates = await super().get_updates(
              ^^^^^^^^^^^^^^^^^^^^^^^^^^
    ...<9 lines>...
    )
    ^
  File "C:\Users\jeffc\AppData\Local\Programs\Python\Python313\Lib\site-packages\telegram\_bot.py", line 4865, in get_updates
    await self._post(
    ^^^^^^^^^^^^^^^^^
    ...<7 lines>...
    ),
    ^
  File "C:\Users\jeffc\AppData\Local\Programs\Python\Python313\Lib\site-packages\telegram\_bot.py", line 704, in _post
    return await self._do_post(
           ^^^^^^^^^^^^^^^^^^^^
    ...<6 lines>...
    )
    ^
  File "C:\Users\jeffc\AppData\Local\Programs\Python\Python313\Lib\site-packages\telegram\ext\_extbot.py", line 370, in _do_post
    return await super()._do_post(
           ^^^^^^^^^^^^^^^^^^^^^^^
    ...<6 lines>...
    )
    ^
  File "C:\Users\jeffc\AppData\Local\Programs\Python\Python313\Lib\site-packages\telegram\_bot.py", line 733, in _do_post
    result = await request.post(
             ^^^^^^^^^^^^^^^^^^^
    ...<6 lines>...
    )
    ^
  File "C:\Users\jeffc\AppData\Local\Programs\Python\Python313\Lib\site-packages\telegram\request\_baserequest.py", line 198, in post
    result = await self._request_wrapper(
             ^^^^^^^^^^^^^^^^^^^^^^^^^^^^
    ...<7 lines>...
    )
    ^
  File "C:\Users\jeffc\AppData\Local\Programs\Python\Python313\Lib\site-packages\telegram\request\_baserequest.py", line 305, in _request_wrapper
    code, payload = await self.do_request(
                    ^^^^^^^^^^^^^^^^^^^^^^
    ...<7 lines>...
    )
    ^
  File "C:\Users\jeffc\AppData\Local\Programs\Python\Python313\Lib\site-packages\telegram\request\_httpxrequest.py", line 303, in do_request
    raise NetworkError(f"httpx.{err.__class__.__name__}: {err}") from err
telegram.error.NetworkError: httpx.ConnectError: [Errno 11001] getaddrinfo failed
2026-04-10 22:50:13,077 - ERROR - No error handlers are registered, logging exception.
Traceback (most recent call last):
  File "C:\Users\jeffc\AppData\Local\Programs\Python\Python313\Lib\site-packages\httpx\_transports\default.py", line 101, in map_httpcore_exceptions
    yield
  File "C:\Users\jeffc\AppData\Local\Programs\Python\Python313\Lib\site-packages\httpx\_transports\default.py", line 394, in handle_async_request
    resp = await self._pool.handle_async_request(req)
           ^^^^^^^^^^^^^^^^^^^^^^^^^^^^^^^^^^^^^^^^^^
  File "C:\Users\jeffc\AppData\Local\Programs\Python\Python313\Lib\site-packages\httpcore\_async\connection_pool.py", line 256, in handle_async_request
    raise exc from None
  File "C:\Users\jeffc\AppData\Local\Programs\Python\Python313\Lib\site-packages\httpcore\_async\connection_pool.py", line 236, in handle_async_request
    response = await connection.handle_async_request(
               ^^^^^^^^^^^^^^^^^^^^^^^^^^^^^^^^^^^^^^
        pool_request.request
        ^^^^^^^^^^^^^^^^^^^^
    )
    ^
  File "C:\Users\jeffc\AppData\Local\Programs\Python\Python313\Lib\site-packages\httpcore\_async\connection.py", line 101, in handle_async_request
    raise exc
  File "C:\Users\jeffc\AppData\Local\Programs\Python\Python313\Lib\site-packages\httpcore\_async\connection.py", line 78, in handle_async_request
    stream = await self._connect(request)
             ^^^^^^^^^^^^^^^^^^^^^^^^^^^^
  File "C:\Users\jeffc\AppData\Local\Programs\Python\Python313\Lib\site-packages\httpcore\_async\connection.py", line 124, in _connect
    stream = await self._network_backend.connect_tcp(**kwargs)
             ^^^^^^^^^^^^^^^^^^^^^^^^^^^^^^^^^^^^^^^^^^^^^^^^^
  File "C:\Users\jeffc\AppData\Local\Programs\Python\Python313\Lib\site-packages\httpcore\_backends\auto.py", line 31, in connect_tcp
    return await self._backend.connect_tcp(
           ^^^^^^^^^^^^^^^^^^^^^^^^^^^^^^^^
    ...<5 lines>...
    )
    ^
  File "C:\Users\jeffc\AppData\Local\Programs\Python\Python313\Lib\site-packages\httpcore\_backends\anyio.py", line 113, in connect_tcp
    with map_exceptions(exc_map):
         ~~~~~~~~~~~~~~^^^^^^^^^
  File "C:\Users\jeffc\AppData\Local\Programs\Python\Python313\Lib\contextlib.py", line 162, in __exit__
    self.gen.throw(value)
    ~~~~~~~~~~~~~~^^^^^^^
  File "C:\Users\jeffc\AppData\Local\Programs\Python\Python313\Lib\site-packages\httpcore\_exceptions.py", line 14, in map_exceptions
    raise to_exc(exc) from exc
httpcore.ConnectError: [Errno 11001] getaddrinfo failed

The above exception was the direct cause of the following exception:

Traceback (most recent call last):
  File "C:\Users\jeffc\AppData\Local\Programs\Python\Python313\Lib\site-packages\telegram\request\_httpxrequest.py", line 279, in do_request
    res = await self._client.request(
          ^^^^^^^^^^^^^^^^^^^^^^^^^^^
    ...<6 lines>...
    )
    ^
  File "C:\Users\jeffc\AppData\Local\Programs\Python\Python313\Lib\site-packages\httpx\_client.py", line 1540, in request
    return await self.send(request, auth=auth, follow_redirects=follow_redirects)
           ^^^^^^^^^^^^^^^^^^^^^^^^^^^^^^^^^^^^^^^^^^^^^^^^^^^^^^^^^^^^^^^^^^^^^^
  File "C:\Users\jeffc\AppData\Local\Programs\Python\Python313\Lib\site-packages\httpx\_client.py", line 1629, in send
    response = await self._send_handling_auth(
               ^^^^^^^^^^^^^^^^^^^^^^^^^^^^^^^
    ...<4 lines>...
    )
    ^
  File "C:\Users\jeffc\AppData\Local\Programs\Python\Python313\Lib\site-packages\httpx\_client.py", line 1657, in _send_handling_auth
    response = await self._send_handling_redirects(
               ^^^^^^^^^^^^^^^^^^^^^^^^^^^^^^^^^^^^
    ...<3 lines>...
    )
    ^
  File "C:\Users\jeffc\AppData\Local\Programs\Python\Python313\Lib\site-packages\httpx\_client.py", line 1694, in _send_handling_redirects
    response = await self._send_single_request(request)
               ^^^^^^^^^^^^^^^^^^^^^^^^^^^^^^^^^^^^^^^^
  File "C:\Users\jeffc\AppData\Local\Programs\Python\Python313\Lib\site-packages\httpx\_client.py", line 1730, in _send_single_request
    response = await transport.handle_async_request(request)
               ^^^^^^^^^^^^^^^^^^^^^^^^^^^^^^^^^^^^^^^^^^^^^
  File "C:\Users\jeffc\AppData\Local\Programs\Python\Python313\Lib\site-packages\httpx\_transports\default.py", line 393, in handle_async_request
    with map_httpcore_exceptions():
         ~~~~~~~~~~~~~~~~~~~~~~~^^
  File "C:\Users\jeffc\AppData\Local\Programs\Python\Python313\Lib\contextlib.py", line 162, in __exit__
    self.gen.throw(value)
    ~~~~~~~~~~~~~~^^^^^^^
  File "C:\Users\jeffc\AppData\Local\Programs\Python\Python313\Lib\site-packages\httpx\_transports\default.py", line 118, in map_httpcore_exceptions
    raise mapped_exc(message) from exc
httpx.ConnectError: [Errno 11001] getaddrinfo failed

The above exception was the direct cause of the following exception:

Traceback (most recent call last):
  File "C:\Users\jeffc\AppData\Local\Programs\Python\Python313\Lib\site-packages\telegram\ext\_utils\networkloop.py", line 161, in network_retry_loop
    await do_action()
  File "C:\Users\jeffc\AppData\Local\Programs\Python\Python313\Lib\site-packages\telegram\ext\_utils\networkloop.py", line 154, in do_action
    action_cb_task.result()
    ~~~~~~~~~~~~~~~~~~~~~^^
  File "C:\Users\jeffc\AppData\Local\Programs\Python\Python313\Lib\site-packages\telegram\ext\_updater.py", line 340, in polling_action_cb
    updates = await self.bot.get_updates(
              ^^^^^^^^^^^^^^^^^^^^^^^^^^^
    ...<3 lines>...
    )
    ^
  File "C:\Users\jeffc\AppData\Local\Programs\Python\Python313\Lib\site-packages\telegram\ext\_extbot.py", line 672, in get_updates
    updates = await super().get_updates(
              ^^^^^^^^^^^^^^^^^^^^^^^^^^
    ...<9 lines>...
    )
    ^
  File "C:\Users\jeffc\AppData\Local\Programs\Python\Python313\Lib\site-packages\telegram\_bot.py", line 4865, in get_updates
    await self._post(
    ^^^^^^^^^^^^^^^^^
    ...<7 lines>...
    ),
    ^
  File "C:\Users\jeffc\AppData\Local\Programs\Python\Python313\Lib\site-packages\telegram\_bot.py", line 704, in _post
    return await self._do_post(
           ^^^^^^^^^^^^^^^^^^^^
    ...<6 lines>...
    )
    ^
  File "C:\Users\jeffc\AppData\Local\Programs\Python\Python313\Lib\site-packages\telegram\ext\_extbot.py", line 370, in _do_post
    return await super()._do_post(
           ^^^^^^^^^^^^^^^^^^^^^^^
    ...<6 lines>...
    )
    ^
  File "C:\Users\jeffc\AppData\Local\Programs\Python\Python313\Lib\site-packages\telegram\_bot.py", line 733, in _do_post
    result = await request.post(
             ^^^^^^^^^^^^^^^^^^^
    ...<6 lines>...
    )
    ^
  File "C:\Users\jeffc\AppData\Local\Programs\Python\Python313\Lib\site-packages\telegram\request\_baserequest.py", line 198, in post
    result = await self._request_wrapper(
             ^^^^^^^^^^^^^^^^^^^^^^^^^^^^
    ...<7 lines>...
    )
    ^
  File "C:\Users\jeffc\AppData\Local\Programs\Python\Python313\Lib\site-packages\telegram\request\_baserequest.py", line 305, in _request_wrapper
    code, payload = await self.do_request(
                    ^^^^^^^^^^^^^^^^^^^^^^
    ...<7 lines>...
    )
    ^
  File "C:\Users\jeffc\AppData\Local\Programs\Python\Python313\Lib\site-packages\telegram\request\_httpxrequest.py", line 303, in do_request
    raise NetworkError(f"httpx.{err.__class__.__name__}: {err}") from err
telegram.error.NetworkError: httpx.ConnectError: [Errno 11001] getaddrinfo failed
2026-04-10 22:50:15,345 - ERROR - No error handlers are registered, logging exception.
Traceback (most recent call last):
  File "C:\Users\jeffc\AppData\Local\Programs\Python\Python313\Lib\site-packages\httpx\_transports\default.py", line 101, in map_httpcore_exceptions
    yield
  File "C:\Users\jeffc\AppData\Local\Programs\Python\Python313\Lib\site-packages\httpx\_transports\default.py", line 394, in handle_async_request
    resp = await self._pool.handle_async_request(req)
           ^^^^^^^^^^^^^^^^^^^^^^^^^^^^^^^^^^^^^^^^^^
  File "C:\Users\jeffc\AppData\Local\Programs\Python\Python313\Lib\site-packages\httpcore\_async\connection_pool.py", line 256, in handle_async_request
    raise exc from None
  File "C:\Users\jeffc\AppData\Local\Programs\Python\Python313\Lib\site-packages\httpcore\_async\connection_pool.py", line 236, in handle_async_request
    response = await connection.handle_async_request(
               ^^^^^^^^^^^^^^^^^^^^^^^^^^^^^^^^^^^^^^
        pool_request.request
        ^^^^^^^^^^^^^^^^^^^^
    )
    ^
  File "C:\Users\jeffc\AppData\Local\Programs\Python\Python313\Lib\site-packages\httpcore\_async\connection.py", line 101, in handle_async_request
    raise exc
  File "C:\Users\jeffc\AppData\Local\Programs\Python\Python313\Lib\site-packages\httpcore\_async\connection.py", line 78, in handle_async_request
    stream = await self._connect(request)
             ^^^^^^^^^^^^^^^^^^^^^^^^^^^^
  File "C:\Users\jeffc\AppData\Local\Programs\Python\Python313\Lib\site-packages\httpcore\_async\connection.py", line 124, in _connect
    stream = await self._network_backend.connect_tcp(**kwargs)
             ^^^^^^^^^^^^^^^^^^^^^^^^^^^^^^^^^^^^^^^^^^^^^^^^^
  File "C:\Users\jeffc\AppData\Local\Programs\Python\Python313\Lib\site-packages\httpcore\_backends\auto.py", line 31, in connect_tcp
    return await self._backend.connect_tcp(
           ^^^^^^^^^^^^^^^^^^^^^^^^^^^^^^^^
    ...<5 lines>...
    )
    ^
  File "C:\Users\jeffc\AppData\Local\Programs\Python\Python313\Lib\site-packages\httpcore\_backends\anyio.py", line 113, in connect_tcp
    with map_exceptions(exc_map):
         ~~~~~~~~~~~~~~^^^^^^^^^
  File "C:\Users\jeffc\AppData\Local\Programs\Python\Python313\Lib\contextlib.py", line 162, in __exit__
    self.gen.throw(value)
    ~~~~~~~~~~~~~~^^^^^^^
  File "C:\Users\jeffc\AppData\Local\Programs\Python\Python313\Lib\site-packages\httpcore\_exceptions.py", line 14, in map_exceptions
    raise to_exc(exc) from exc
httpcore.ConnectError: [Errno 11001] getaddrinfo failed

The above exception was the direct cause of the following exception:

Traceback (most recent call last):
  File "C:\Users\jeffc\AppData\Local\Programs\Python\Python313\Lib\site-packages\telegram\request\_httpxrequest.py", line 279, in do_request
    res = await self._client.request(
          ^^^^^^^^^^^^^^^^^^^^^^^^^^^
    ...<6 lines>...
    )
    ^
  File "C:\Users\jeffc\AppData\Local\Programs\Python\Python313\Lib\site-packages\httpx\_client.py", line 1540, in request
    return await self.send(request, auth=auth, follow_redirects=follow_redirects)
           ^^^^^^^^^^^^^^^^^^^^^^^^^^^^^^^^^^^^^^^^^^^^^^^^^^^^^^^^^^^^^^^^^^^^^^
  File "C:\Users\jeffc\AppData\Local\Programs\Python\Python313\Lib\site-packages\httpx\_client.py", line 1629, in send
    response = await self._send_handling_auth(
               ^^^^^^^^^^^^^^^^^^^^^^^^^^^^^^^
    ...<4 lines>...
    )
    ^
  File "C:\Users\jeffc\AppData\Local\Programs\Python\Python313\Lib\site-packages\httpx\_client.py", line 1657, in _send_handling_auth
    response = await self._send_handling_redirects(
               ^^^^^^^^^^^^^^^^^^^^^^^^^^^^^^^^^^^^
    ...<3 lines>...
    )
    ^
  File "C:\Users\jeffc\AppData\Local\Programs\Python\Python313\Lib\site-packages\httpx\_client.py", line 1694, in _send_handling_redirects
    response = await self._send_single_request(request)
               ^^^^^^^^^^^^^^^^^^^^^^^^^^^^^^^^^^^^^^^^
  File "C:\Users\jeffc\AppData\Local\Programs\Python\Python313\Lib\site-packages\httpx\_client.py", line 1730, in _send_single_request
    response = await transport.handle_async_request(request)
               ^^^^^^^^^^^^^^^^^^^^^^^^^^^^^^^^^^^^^^^^^^^^^
  File "C:\Users\jeffc\AppData\Local\Programs\Python\Python313\Lib\site-packages\httpx\_transports\default.py", line 393, in handle_async_request
    with map_httpcore_exceptions():
         ~~~~~~~~~~~~~~~~~~~~~~~^^
  File "C:\Users\jeffc\AppData\Local\Programs\Python\Python313\Lib\contextlib.py", line 162, in __exit__
    self.gen.throw(value)
    ~~~~~~~~~~~~~~^^^^^^^
  File "C:\Users\jeffc\AppData\Local\Programs\Python\Python313\Lib\site-packages\httpx\_transports\default.py", line 118, in map_httpcore_exceptions
    raise mapped_exc(message) from exc
httpx.ConnectError: [Errno 11001] getaddrinfo failed

The above exception was the direct cause of the following exception:

Traceback (most recent call last):
  File "C:\Users\jeffc\AppData\Local\Programs\Python\Python313\Lib\site-packages\telegram\ext\_utils\networkloop.py", line 161, in network_retry_loop
    await do_action()
  File "C:\Users\jeffc\AppData\Local\Programs\Python\Python313\Lib\site-packages\telegram\ext\_utils\networkloop.py", line 154, in do_action
    action_cb_task.result()
    ~~~~~~~~~~~~~~~~~~~~~^^
  File "C:\Users\jeffc\AppData\Local\Programs\Python\Python313\Lib\site-packages\telegram\ext\_updater.py", line 340, in polling_action_cb
    updates = await self.bot.get_updates(
              ^^^^^^^^^^^^^^^^^^^^^^^^^^^
    ...<3 lines>...
    )
    ^
  File "C:\Users\jeffc\AppData\Local\Programs\Python\Python313\Lib\site-packages\telegram\ext\_extbot.py", line 672, in get_updates
    updates = await super().get_updates(
              ^^^^^^^^^^^^^^^^^^^^^^^^^^
    ...<9 lines>...
    )
    ^
  File "C:\Users\jeffc\AppData\Local\Programs\Python\Python313\Lib\site-packages\telegram\_bot.py", line 4865, in get_updates
    await self._post(
    ^^^^^^^^^^^^^^^^^
    ...<7 lines>...
    ),
    ^
  File "C:\Users\jeffc\AppData\Local\Programs\Python\Python313\Lib\site-packages\telegram\_bot.py", line 704, in _post
    return await self._do_post(
           ^^^^^^^^^^^^^^^^^^^^
    ...<6 lines>...
    )
    ^
  File "C:\Users\jeffc\AppData\Local\Programs\Python\Python313\Lib\site-packages\telegram\ext\_extbot.py", line 370, in _do_post
    return await super()._do_post(
           ^^^^^^^^^^^^^^^^^^^^^^^
    ...<6 lines>...
    )
    ^
  File "C:\Users\jeffc\AppData\Local\Programs\Python\Python313\Lib\site-packages\telegram\_bot.py", line 733, in _do_post
    result = await request.post(
             ^^^^^^^^^^^^^^^^^^^
    ...<6 lines>...
    )
    ^
  File "C:\Users\jeffc\AppData\Local\Programs\Python\Python313\Lib\site-packages\telegram\request\_baserequest.py", line 198, in post
    result = await self._request_wrapper(
             ^^^^^^^^^^^^^^^^^^^^^^^^^^^^
    ...<7 lines>...
    )
    ^
  File "C:\Users\jeffc\AppData\Local\Programs\Python\Python313\Lib\site-packages\telegram\request\_baserequest.py", line 305, in _request_wrapper
    code, payload = await self.do_request(
                    ^^^^^^^^^^^^^^^^^^^^^^
    ...<7 lines>...
    )
    ^
  File "C:\Users\jeffc\AppData\Local\Programs\Python\Python313\Lib\site-packages\telegram\request\_httpxrequest.py", line 303, in do_request
    raise NetworkError(f"httpx.{err.__class__.__name__}: {err}") from err
telegram.error.NetworkError: httpx.ConnectError: [Errno 11001] getaddrinfo failed
2026-04-10 22:50:18,736 - ERROR - No error handlers are registered, logging exception.
Traceback (most recent call last):
  File "C:\Users\jeffc\AppData\Local\Programs\Python\Python313\Lib\site-packages\httpx\_transports\default.py", line 101, in map_httpcore_exceptions
    yield
  File "C:\Users\jeffc\AppData\Local\Programs\Python\Python313\Lib\site-packages\httpx\_transports\default.py", line 394, in handle_async_request
    resp = await self._pool.handle_async_request(req)
           ^^^^^^^^^^^^^^^^^^^^^^^^^^^^^^^^^^^^^^^^^^
  File "C:\Users\jeffc\AppData\Local\Programs\Python\Python313\Lib\site-packages\httpcore\_async\connection_pool.py", line 256, in handle_async_request
    raise exc from None
  File "C:\Users\jeffc\AppData\Local\Programs\Python\Python313\Lib\site-packages\httpcore\_async\connection_pool.py", line 236, in handle_async_request
    response = await connection.handle_async_request(
               ^^^^^^^^^^^^^^^^^^^^^^^^^^^^^^^^^^^^^^
        pool_request.request
        ^^^^^^^^^^^^^^^^^^^^
    )
    ^
  File "C:\Users\jeffc\AppData\Local\Programs\Python\Python313\Lib\site-packages\httpcore\_async\connection.py", line 101, in handle_async_request
    raise exc
  File "C:\Users\jeffc\AppData\Local\Programs\Python\Python313\Lib\site-packages\httpcore\_async\connection.py", line 78, in handle_async_request
    stream = await self._connect(request)
             ^^^^^^^^^^^^^^^^^^^^^^^^^^^^
  File "C:\Users\jeffc\AppData\Local\Programs\Python\Python313\Lib\site-packages\httpcore\_async\connection.py", line 124, in _connect
    stream = await self._network_backend.connect_tcp(**kwargs)
             ^^^^^^^^^^^^^^^^^^^^^^^^^^^^^^^^^^^^^^^^^^^^^^^^^
  File "C:\Users\jeffc\AppData\Local\Programs\Python\Python313\Lib\site-packages\httpcore\_backends\auto.py", line 31, in connect_tcp
    return await self._backend.connect_tcp(
           ^^^^^^^^^^^^^^^^^^^^^^^^^^^^^^^^
    ...<5 lines>...
    )
    ^
  File "C:\Users\jeffc\AppData\Local\Programs\Python\Python313\Lib\site-packages\httpcore\_backends\anyio.py", line 113, in connect_tcp
    with map_exceptions(exc_map):
         ~~~~~~~~~~~~~~^^^^^^^^^
  File "C:\Users\jeffc\AppData\Local\Programs\Python\Python313\Lib\contextlib.py", line 162, in __exit__
    self.gen.throw(value)
    ~~~~~~~~~~~~~~^^^^^^^
  File "C:\Users\jeffc\AppData\Local\Programs\Python\Python313\Lib\site-packages\httpcore\_exceptions.py", line 14, in map_exceptions
    raise to_exc(exc) from exc
httpcore.ConnectError: [Errno 11001] getaddrinfo failed

The above exception was the direct cause of the following exception:

Traceback (most recent call last):
  File "C:\Users\jeffc\AppData\Local\Programs\Python\Python313\Lib\site-packages\telegram\request\_httpxrequest.py", line 279, in do_request
    res = await self._client.request(
          ^^^^^^^^^^^^^^^^^^^^^^^^^^^
    ...<6 lines>...
    )
    ^
  File "C:\Users\jeffc\AppData\Local\Programs\Python\Python313\Lib\site-packages\httpx\_client.py", line 1540, in request
    return await self.send(request, auth=auth, follow_redirects=follow_redirects)
           ^^^^^^^^^^^^^^^^^^^^^^^^^^^^^^^^^^^^^^^^^^^^^^^^^^^^^^^^^^^^^^^^^^^^^^
  File "C:\Users\jeffc\AppData\Local\Programs\Python\Python313\Lib\site-packages\httpx\_client.py", line 1629, in send
    response = await self._send_handling_auth(
               ^^^^^^^^^^^^^^^^^^^^^^^^^^^^^^^
    ...<4 lines>...
    )
    ^
  File "C:\Users\jeffc\AppData\Local\Programs\Python\Python313\Lib\site-packages\httpx\_client.py", line 1657, in _send_handling_auth
    response = await self._send_handling_redirects(
               ^^^^^^^^^^^^^^^^^^^^^^^^^^^^^^^^^^^^
    ...<3 lines>...
    )
    ^
  File "C:\Users\jeffc\AppData\Local\Programs\Python\Python313\Lib\site-packages\httpx\_client.py", line 1694, in _send_handling_redirects
    response = await self._send_single_request(request)
               ^^^^^^^^^^^^^^^^^^^^^^^^^^^^^^^^^^^^^^^^
  File "C:\Users\jeffc\AppData\Local\Programs\Python\Python313\Lib\site-packages\httpx\_client.py", line 1730, in _send_single_request
    response = await transport.handle_async_request(request)
               ^^^^^^^^^^^^^^^^^^^^^^^^^^^^^^^^^^^^^^^^^^^^^
  File "C:\Users\jeffc\AppData\Local\Programs\Python\Python313\Lib\site-packages\httpx\_transports\default.py", line 393, in handle_async_request
    with map_httpcore_exceptions():
         ~~~~~~~~~~~~~~~~~~~~~~~^^
  File "C:\Users\jeffc\AppData\Local\Programs\Python\Python313\Lib\contextlib.py", line 162, in __exit__
    self.gen.throw(value)
    ~~~~~~~~~~~~~~^^^^^^^
  File "C:\Users\jeffc\AppData\Local\Programs\Python\Python313\Lib\site-packages\httpx\_transports\default.py", line 118, in map_httpcore_exceptions
    raise mapped_exc(message) from exc
httpx.ConnectError: [Errno 11001] getaddrinfo failed

The above exception was the direct cause of the following exception:

Traceback (most recent call last):
  File "C:\Users\jeffc\AppData\Local\Programs\Python\Python313\Lib\site-packages\telegram\ext\_utils\networkloop.py", line 161, in network_retry_loop
    await do_action()
  File "C:\Users\jeffc\AppData\Local\Programs\Python\Python313\Lib\site-packages\telegram\ext\_utils\networkloop.py", line 154, in do_action
    action_cb_task.result()
    ~~~~~~~~~~~~~~~~~~~~~^^
  File "C:\Users\jeffc\AppData\Local\Programs\Python\Python313\Lib\site-packages\telegram\ext\_updater.py", line 340, in polling_action_cb
    updates = await self.bot.get_updates(
              ^^^^^^^^^^^^^^^^^^^^^^^^^^^
    ...<3 lines>...
    )
    ^
  File "C:\Users\jeffc\AppData\Local\Programs\Python\Python313\Lib\site-packages\telegram\ext\_extbot.py", line 672, in get_updates
    updates = await super().get_updates(
              ^^^^^^^^^^^^^^^^^^^^^^^^^^
    ...<9 lines>...
    )
    ^
  File "C:\Users\jeffc\AppData\Local\Programs\Python\Python313\Lib\site-packages\telegram\_bot.py", line 4865, in get_updates
    await self._post(
    ^^^^^^^^^^^^^^^^^
    ...<7 lines>...
    ),
    ^
  File "C:\Users\jeffc\AppData\Local\Programs\Python\Python313\Lib\site-packages\telegram\_bot.py", line 704, in _post
    return await self._do_post(
           ^^^^^^^^^^^^^^^^^^^^
    ...<6 lines>...
    )
    ^
  File "C:\Users\jeffc\AppData\Local\Programs\Python\Python313\Lib\site-packages\telegram\ext\_extbot.py", line 370, in _do_post
    return await super()._do_post(
           ^^^^^^^^^^^^^^^^^^^^^^^
    ...<6 lines>...
    )
    ^
  File "C:\Users\jeffc\AppData\Local\Programs\Python\Python313\Lib\site-packages\telegram\_bot.py", line 733, in _do_post
    result = await request.post(
             ^^^^^^^^^^^^^^^^^^^
    ...<6 lines>...
    )
    ^
  File "C:\Users\jeffc\AppData\Local\Programs\Python\Python313\Lib\site-packages\telegram\request\_baserequest.py", line 198, in post
    result = await self._request_wrapper(
             ^^^^^^^^^^^^^^^^^^^^^^^^^^^^
    ...<7 lines>...
    )
    ^
  File "C:\Users\jeffc\AppData\Local\Programs\Python\Python313\Lib\site-packages\telegram\request\_baserequest.py", line 305, in _request_wrapper
    code, payload = await self.do_request(
                    ^^^^^^^^^^^^^^^^^^^^^^
    ...<7 lines>...
    )
    ^
  File "C:\Users\jeffc\AppData\Local\Programs\Python\Python313\Lib\site-packages\telegram\request\_httpxrequest.py", line 303, in do_request
    raise NetworkError(f"httpx.{err.__class__.__name__}: {err}") from err
telegram.error.NetworkError: httpx.ConnectError: [Errno 11001] getaddrinfo failed
2026-04-10 22:50:23,807 - ERROR - No error handlers are registered, logging exception.
Traceback (most recent call last):
  File "C:\Users\jeffc\AppData\Local\Programs\Python\Python313\Lib\site-packages\httpx\_transports\default.py", line 101, in map_httpcore_exceptions
    yield
  File "C:\Users\jeffc\AppData\Local\Programs\Python\Python313\Lib\site-packages\httpx\_transports\default.py", line 394, in handle_async_request
    resp = await self._pool.handle_async_request(req)
           ^^^^^^^^^^^^^^^^^^^^^^^^^^^^^^^^^^^^^^^^^^
  File "C:\Users\jeffc\AppData\Local\Programs\Python\Python313\Lib\site-packages\httpcore\_async\connection_pool.py", line 256, in handle_async_request
    raise exc from None
  File "C:\Users\jeffc\AppData\Local\Programs\Python\Python313\Lib\site-packages\httpcore\_async\connection_pool.py", line 236, in handle_async_request
    response = await connection.handle_async_request(
               ^^^^^^^^^^^^^^^^^^^^^^^^^^^^^^^^^^^^^^
        pool_request.request
        ^^^^^^^^^^^^^^^^^^^^
    )
    ^
  File "C:\Users\jeffc\AppData\Local\Programs\Python\Python313\Lib\site-packages\httpcore\_async\connection.py", line 101, in handle_async_request
    raise exc
  File "C:\Users\jeffc\AppData\Local\Programs\Python\Python313\Lib\site-packages\httpcore\_async\connection.py", line 78, in handle_async_request
    stream = await self._connect(request)
             ^^^^^^^^^^^^^^^^^^^^^^^^^^^^
  File "C:\Users\jeffc\AppData\Local\Programs\Python\Python313\Lib\site-packages\httpcore\_async\connection.py", line 124, in _connect
    stream = await self._network_backend.connect_tcp(**kwargs)
             ^^^^^^^^^^^^^^^^^^^^^^^^^^^^^^^^^^^^^^^^^^^^^^^^^
  File "C:\Users\jeffc\AppData\Local\Programs\Python\Python313\Lib\site-packages\httpcore\_backends\auto.py", line 31, in connect_tcp
    return await self._backend.connect_tcp(
           ^^^^^^^^^^^^^^^^^^^^^^^^^^^^^^^^
    ...<5 lines>...
    )
    ^
  File "C:\Users\jeffc\AppData\Local\Programs\Python\Python313\Lib\site-packages\httpcore\_backends\anyio.py", line 113, in connect_tcp
    with map_exceptions(exc_map):
         ~~~~~~~~~~~~~~^^^^^^^^^
  File "C:\Users\jeffc\AppData\Local\Programs\Python\Python313\Lib\contextlib.py", line 162, in __exit__
    self.gen.throw(value)
    ~~~~~~~~~~~~~~^^^^^^^
  File "C:\Users\jeffc\AppData\Local\Programs\Python\Python313\Lib\site-packages\httpcore\_exceptions.py", line 14, in map_exceptions
    raise to_exc(exc) from exc
httpcore.ConnectError: [Errno 11001] getaddrinfo failed

The above exception was the direct cause of the following exception:

Traceback (most recent call last):
  File "C:\Users\jeffc\AppData\Local\Programs\Python\Python313\Lib\site-packages\telegram\request\_httpxrequest.py", line 279, in do_request
    res = await self._client.request(
          ^^^^^^^^^^^^^^^^^^^^^^^^^^^
    ...<6 lines>...
    )
    ^
  File "C:\Users\jeffc\AppData\Local\Programs\Python\Python313\Lib\site-packages\httpx\_client.py", line 1540, in request
    return await self.send(request, auth=auth, follow_redirects=follow_redirects)
           ^^^^^^^^^^^^^^^^^^^^^^^^^^^^^^^^^^^^^^^^^^^^^^^^^^^^^^^^^^^^^^^^^^^^^^
  File "C:\Users\jeffc\AppData\Local\Programs\Python\Python313\Lib\site-packages\httpx\_client.py", line 1629, in send
    response = await self._send_handling_auth(
               ^^^^^^^^^^^^^^^^^^^^^^^^^^^^^^^
    ...<4 lines>...
    )
    ^
  File "C:\Users\jeffc\AppData\Local\Programs\Python\Python313\Lib\site-packages\httpx\_client.py", line 1657, in _send_handling_auth
    response = await self._send_handling_redirects(
               ^^^^^^^^^^^^^^^^^^^^^^^^^^^^^^^^^^^^
    ...<3 lines>...
    )
    ^
  File "C:\Users\jeffc\AppData\Local\Programs\Python\Python313\Lib\site-packages\httpx\_client.py", line 1694, in _send_handling_redirects
    response = await self._send_single_request(request)
               ^^^^^^^^^^^^^^^^^^^^^^^^^^^^^^^^^^^^^^^^
  File "C:\Users\jeffc\AppData\Local\Programs\Python\Python313\Lib\site-packages\httpx\_client.py", line 1730, in _send_single_request
    response = await transport.handle_async_request(request)
               ^^^^^^^^^^^^^^^^^^^^^^^^^^^^^^^^^^^^^^^^^^^^^
  File "C:\Users\jeffc\AppData\Local\Programs\Python\Python313\Lib\site-packages\httpx\_transports\default.py", line 393, in handle_async_request
    with map_httpcore_exceptions():
         ~~~~~~~~~~~~~~~~~~~~~~~^^
  File "C:\Users\jeffc\AppData\Local\Programs\Python\Python313\Lib\contextlib.py", line 162, in __exit__
    self.gen.throw(value)
    ~~~~~~~~~~~~~~^^^^^^^
  File "C:\Users\jeffc\AppData\Local\Programs\Python\Python313\Lib\site-packages\httpx\_transports\default.py", line 118, in map_httpcore_exceptions
    raise mapped_exc(message) from exc
httpx.ConnectError: [Errno 11001] getaddrinfo failed

The above exception was the direct cause of the following exception:

Traceback (most recent call last):
  File "C:\Users\jeffc\AppData\Local\Programs\Python\Python313\Lib\site-packages\telegram\ext\_utils\networkloop.py", line 161, in network_retry_loop
    await do_action()
  File "C:\Users\jeffc\AppData\Local\Programs\Python\Python313\Lib\site-packages\telegram\ext\_utils\networkloop.py", line 154, in do_action
    action_cb_task.result()
    ~~~~~~~~~~~~~~~~~~~~~^^
  File "C:\Users\jeffc\AppData\Local\Programs\Python\Python313\Lib\site-packages\telegram\ext\_updater.py", line 340, in polling_action_cb
    updates = await self.bot.get_updates(
              ^^^^^^^^^^^^^^^^^^^^^^^^^^^
    ...<3 lines>...
    )
    ^
  File "C:\Users\jeffc\AppData\Local\Programs\Python\Python313\Lib\site-packages\telegram\ext\_extbot.py", line 672, in get_updates
    updates = await super().get_updates(
              ^^^^^^^^^^^^^^^^^^^^^^^^^^
    ...<9 lines>...
    )
    ^
  File "C:\Users\jeffc\AppData\Local\Programs\Python\Python313\Lib\site-packages\telegram\_bot.py", line 4865, in get_updates
    await self._post(
    ^^^^^^^^^^^^^^^^^
    ...<7 lines>...
    ),
    ^
  File "C:\Users\jeffc\AppData\Local\Programs\Python\Python313\Lib\site-packages\telegram\_bot.py", line 704, in _post
    return await self._do_post(
           ^^^^^^^^^^^^^^^^^^^^
    ...<6 lines>...
    )
    ^
  File "C:\Users\jeffc\AppData\Local\Programs\Python\Python313\Lib\site-packages\telegram\ext\_extbot.py", line 370, in _do_post
    return await super()._do_post(
           ^^^^^^^^^^^^^^^^^^^^^^^
    ...<6 lines>...
    )
    ^
  File "C:\Users\jeffc\AppData\Local\Programs\Python\Python313\Lib\site-packages\telegram\_bot.py", line 733, in _do_post
    result = await request.post(
             ^^^^^^^^^^^^^^^^^^^
    ...<6 lines>...
    )
    ^
  File "C:\Users\jeffc\AppData\Local\Programs\Python\Python313\Lib\site-packages\telegram\request\_baserequest.py", line 198, in post
    result = await self._request_wrapper(
             ^^^^^^^^^^^^^^^^^^^^^^^^^^^^
    ...<7 lines>...
    )
    ^
  File "C:\Users\jeffc\AppData\Local\Programs\Python\Python313\Lib\site-packages\telegram\request\_baserequest.py", line 305, in _request_wrapper
    code, payload = await self.do_request(
                    ^^^^^^^^^^^^^^^^^^^^^^
    ...<7 lines>...
    )
    ^
  File "C:\Users\jeffc\AppData\Local\Programs\Python\Python313\Lib\site-packages\telegram\request\_httpxrequest.py", line 303, in do_request
    raise NetworkError(f"httpx.{err.__class__.__name__}: {err}") from err
telegram.error.NetworkError: httpx.ConnectError: [Errno 11001] getaddrinfo failed
2026-04-10 22:50:31,414 - ERROR - No error handlers are registered, logging exception.
Traceback (most recent call last):
  File "C:\Users\jeffc\AppData\Local\Programs\Python\Python313\Lib\site-packages\httpx\_transports\default.py", line 101, in map_httpcore_exceptions
    yield
  File "C:\Users\jeffc\AppData\Local\Programs\Python\Python313\Lib\site-packages\httpx\_transports\default.py", line 394, in handle_async_request
    resp = await self._pool.handle_async_request(req)
           ^^^^^^^^^^^^^^^^^^^^^^^^^^^^^^^^^^^^^^^^^^
  File "C:\Users\jeffc\AppData\Local\Programs\Python\Python313\Lib\site-packages\httpcore\_async\connection_pool.py", line 256, in handle_async_request
    raise exc from None
  File "C:\Users\jeffc\AppData\Local\Programs\Python\Python313\Lib\site-packages\httpcore\_async\connection_pool.py", line 236, in handle_async_request
    response = await connection.handle_async_request(
               ^^^^^^^^^^^^^^^^^^^^^^^^^^^^^^^^^^^^^^
        pool_request.request
        ^^^^^^^^^^^^^^^^^^^^
    )
    ^
  File "C:\Users\jeffc\AppData\Local\Programs\Python\Python313\Lib\site-packages\httpcore\_async\connection.py", line 101, in handle_async_request
    raise exc
  File "C:\Users\jeffc\AppData\Local\Programs\Python\Python313\Lib\site-packages\httpcore\_async\connection.py", line 78, in handle_async_request
    stream = await self._connect(request)
             ^^^^^^^^^^^^^^^^^^^^^^^^^^^^
  File "C:\Users\jeffc\AppData\Local\Programs\Python\Python313\Lib\site-packages\httpcore\_async\connection.py", line 124, in _connect
    stream = await self._network_backend.connect_tcp(**kwargs)
             ^^^^^^^^^^^^^^^^^^^^^^^^^^^^^^^^^^^^^^^^^^^^^^^^^
  File "C:\Users\jeffc\AppData\Local\Programs\Python\Python313\Lib\site-packages\httpcore\_backends\auto.py", line 31, in connect_tcp
    return await self._backend.connect_tcp(
           ^^^^^^^^^^^^^^^^^^^^^^^^^^^^^^^^
    ...<5 lines>...
    )
    ^
  File "C:\Users\jeffc\AppData\Local\Programs\Python\Python313\Lib\site-packages\httpcore\_backends\anyio.py", line 113, in connect_tcp
    with map_exceptions(exc_map):
         ~~~~~~~~~~~~~~^^^^^^^^^
  File "C:\Users\jeffc\AppData\Local\Programs\Python\Python313\Lib\contextlib.py", line 162, in __exit__
    self.gen.throw(value)
    ~~~~~~~~~~~~~~^^^^^^^
  File "C:\Users\jeffc\AppData\Local\Programs\Python\Python313\Lib\site-packages\httpcore\_exceptions.py", line 14, in map_exceptions
    raise to_exc(exc) from exc
httpcore.ConnectError: [Errno 11001] getaddrinfo failed

The above exception was the direct cause of the following exception:

Traceback (most recent call last):
  File "C:\Users\jeffc\AppData\Local\Programs\Python\Python313\Lib\site-packages\telegram\request\_httpxrequest.py", line 279, in do_request
    res = await self._client.request(
          ^^^^^^^^^^^^^^^^^^^^^^^^^^^
    ...<6 lines>...
    )
    ^
  File "C:\Users\jeffc\AppData\Local\Programs\Python\Python313\Lib\site-packages\httpx\_client.py", line 1540, in request
    return await self.send(request, auth=auth, follow_redirects=follow_redirects)
           ^^^^^^^^^^^^^^^^^^^^^^^^^^^^^^^^^^^^^^^^^^^^^^^^^^^^^^^^^^^^^^^^^^^^^^
  File "C:\Users\jeffc\AppData\Local\Programs\Python\Python313\Lib\site-packages\httpx\_client.py", line 1629, in send
    response = await self._send_handling_auth(
               ^^^^^^^^^^^^^^^^^^^^^^^^^^^^^^^
    ...<4 lines>...
    )
    ^
  File "C:\Users\jeffc\AppData\Local\Programs\Python\Python313\Lib\site-packages\httpx\_client.py", line 1657, in _send_handling_auth
    response = await self._send_handling_redirects(
               ^^^^^^^^^^^^^^^^^^^^^^^^^^^^^^^^^^^^
    ...<3 lines>...
    )
    ^
  File "C:\Users\jeffc\AppData\Local\Programs\Python\Python313\Lib\site-packages\httpx\_client.py", line 1694, in _send_handling_redirects
    response = await self._send_single_request(request)
               ^^^^^^^^^^^^^^^^^^^^^^^^^^^^^^^^^^^^^^^^
  File "C:\Users\jeffc\AppData\Local\Programs\Python\Python313\Lib\site-packages\httpx\_client.py", line 1730, in _send_single_request
    response = await transport.handle_async_request(request)
               ^^^^^^^^^^^^^^^^^^^^^^^^^^^^^^^^^^^^^^^^^^^^^
  File "C:\Users\jeffc\AppData\Local\Programs\Python\Python313\Lib\site-packages\httpx\_transports\default.py", line 393, in handle_async_request
    with map_httpcore_exceptions():
         ~~~~~~~~~~~~~~~~~~~~~~~^^
  File "C:\Users\jeffc\AppData\Local\Programs\Python\Python313\Lib\contextlib.py", line 162, in __exit__
    self.gen.throw(value)
    ~~~~~~~~~~~~~~^^^^^^^
  File "C:\Users\jeffc\AppData\Local\Programs\Python\Python313\Lib\site-packages\httpx\_transports\default.py", line 118, in map_httpcore_exceptions
    raise mapped_exc(message) from exc
httpx.ConnectError: [Errno 11001] getaddrinfo failed

The above exception was the direct cause of the following exception:

Traceback (most recent call last):
  File "C:\Users\jeffc\AppData\Local\Programs\Python\Python313\Lib\site-packages\telegram\ext\_utils\networkloop.py", line 161, in network_retry_loop
    await do_action()
  File "C:\Users\jeffc\AppData\Local\Programs\Python\Python313\Lib\site-packages\telegram\ext\_utils\networkloop.py", line 154, in do_action
    action_cb_task.result()
    ~~~~~~~~~~~~~~~~~~~~~^^
  File "C:\Users\jeffc\AppData\Local\Programs\Python\Python313\Lib\site-packages\telegram\ext\_updater.py", line 340, in polling_action_cb
    updates = await self.bot.get_updates(
              ^^^^^^^^^^^^^^^^^^^^^^^^^^^
    ...<3 lines>...
    )
    ^
  File "C:\Users\jeffc\AppData\Local\Programs\Python\Python313\Lib\site-packages\telegram\ext\_extbot.py", line 672, in get_updates
    updates = await super().get_updates(
              ^^^^^^^^^^^^^^^^^^^^^^^^^^
    ...<9 lines>...
    )
    ^
  File "C:\Users\jeffc\AppData\Local\Programs\Python\Python313\Lib\site-packages\telegram\_bot.py", line 4865, in get_updates
    await self._post(
    ^^^^^^^^^^^^^^^^^
    ...<7 lines>...
    ),
    ^
  File "C:\Users\jeffc\AppData\Local\Programs\Python\Python313\Lib\site-packages\telegram\_bot.py", line 704, in _post
    return await self._do_post(
           ^^^^^^^^^^^^^^^^^^^^
    ...<6 lines>...
    )
    ^
  File "C:\Users\jeffc\AppData\Local\Programs\Python\Python313\Lib\site-packages\telegram\ext\_extbot.py", line 370, in _do_post
    return await super()._do_post(
           ^^^^^^^^^^^^^^^^^^^^^^^
    ...<6 lines>...
    )
    ^
  File "C:\Users\jeffc\AppData\Local\Programs\Python\Python313\Lib\site-packages\telegram\_bot.py", line 733, in _do_post
    result = await request.post(
             ^^^^^^^^^^^^^^^^^^^
    ...<6 lines>...
    )
    ^
  File "C:\Users\jeffc\AppData\Local\Programs\Python\Python313\Lib\site-packages\telegram\request\_baserequest.py", line 198, in post
    result = await self._request_wrapper(
             ^^^^^^^^^^^^^^^^^^^^^^^^^^^^
    ...<7 lines>...
    )
    ^
  File "C:\Users\jeffc\AppData\Local\Programs\Python\Python313\Lib\site-packages\telegram\request\_baserequest.py", line 305, in _request_wrapper
    code, payload = await self.do_request(
                    ^^^^^^^^^^^^^^^^^^^^^^
    ...<7 lines>...
    )
    ^
  File "C:\Users\jeffc\AppData\Local\Programs\Python\Python313\Lib\site-packages\telegram\request\_httpxrequest.py", line 303, in do_request
    raise NetworkError(f"httpx.{err.__class__.__name__}: {err}") from err
telegram.error.NetworkError: httpx.ConnectError: [Errno 11001] getaddrinfo failed
2026-04-10 22:50:42,818 - ERROR - No error handlers are registered, logging exception.
Traceback (most recent call last):
  File "C:\Users\jeffc\AppData\Local\Programs\Python\Python313\Lib\site-packages\httpx\_transports\default.py", line 101, in map_httpcore_exceptions
    yield
  File "C:\Users\jeffc\AppData\Local\Programs\Python\Python313\Lib\site-packages\httpx\_transports\default.py", line 394, in handle_async_request
    resp = await self._pool.handle_async_request(req)
           ^^^^^^^^^^^^^^^^^^^^^^^^^^^^^^^^^^^^^^^^^^
  File "C:\Users\jeffc\AppData\Local\Programs\Python\Python313\Lib\site-packages\httpcore\_async\connection_pool.py", line 256, in handle_async_request
    raise exc from None
  File "C:\Users\jeffc\AppData\Local\Programs\Python\Python313\Lib\site-packages\httpcore\_async\connection_pool.py", line 236, in handle_async_request
    response = await connection.handle_async_request(
               ^^^^^^^^^^^^^^^^^^^^^^^^^^^^^^^^^^^^^^
        pool_request.request
        ^^^^^^^^^^^^^^^^^^^^
    )
    ^
  File "C:\Users\jeffc\AppData\Local\Programs\Python\Python313\Lib\site-packages\httpcore\_async\connection.py", line 101, in handle_async_request
    raise exc
  File "C:\Users\jeffc\AppData\Local\Programs\Python\Python313\Lib\site-packages\httpcore\_async\connection.py", line 78, in handle_async_request
    stream = await self._connect(request)
             ^^^^^^^^^^^^^^^^^^^^^^^^^^^^
  File "C:\Users\jeffc\AppData\Local\Programs\Python\Python313\Lib\site-packages\httpcore\_async\connection.py", line 124, in _connect
    stream = await self._network_backend.connect_tcp(**kwargs)
             ^^^^^^^^^^^^^^^^^^^^^^^^^^^^^^^^^^^^^^^^^^^^^^^^^
  File "C:\Users\jeffc\AppData\Local\Programs\Python\Python313\Lib\site-packages\httpcore\_backends\auto.py", line 31, in connect_tcp
    return await self._backend.connect_tcp(
           ^^^^^^^^^^^^^^^^^^^^^^^^^^^^^^^^
    ...<5 lines>...
    )
    ^
  File "C:\Users\jeffc\AppData\Local\Programs\Python\Python313\Lib\site-packages\httpcore\_backends\anyio.py", line 113, in connect_tcp
    with map_exceptions(exc_map):
         ~~~~~~~~~~~~~~^^^^^^^^^
  File "C:\Users\jeffc\AppData\Local\Programs\Python\Python313\Lib\contextlib.py", line 162, in __exit__
    self.gen.throw(value)
    ~~~~~~~~~~~~~~^^^^^^^
  File "C:\Users\jeffc\AppData\Local\Programs\Python\Python313\Lib\site-packages\httpcore\_exceptions.py", line 14, in map_exceptions
    raise to_exc(exc) from exc
httpcore.ConnectError: [Errno 11001] getaddrinfo failed

The above exception was the direct cause of the following exception:

Traceback (most recent call last):
  File "C:\Users\jeffc\AppData\Local\Programs\Python\Python313\Lib\site-packages\telegram\request\_httpxrequest.py", line 279, in do_request
    res = await self._client.request(
          ^^^^^^^^^^^^^^^^^^^^^^^^^^^
    ...<6 lines>...
    )
    ^
  File "C:\Users\jeffc\AppData\Local\Programs\Python\Python313\Lib\site-packages\httpx\_client.py", line 1540, in request
    return await self.send(request, auth=auth, follow_redirects=follow_redirects)
           ^^^^^^^^^^^^^^^^^^^^^^^^^^^^^^^^^^^^^^^^^^^^^^^^^^^^^^^^^^^^^^^^^^^^^^
  File "C:\Users\jeffc\AppData\Local\Programs\Python\Python313\Lib\site-packages\httpx\_client.py", line 1629, in send
    response = await self._send_handling_auth(
               ^^^^^^^^^^^^^^^^^^^^^^^^^^^^^^^
    ...<4 lines>...
    )
    ^
  File "C:\Users\jeffc\AppData\Local\Programs\Python\Python313\Lib\site-packages\httpx\_client.py", line 1657, in _send_handling_auth
    response = await self._send_handling_redirects(
               ^^^^^^^^^^^^^^^^^^^^^^^^^^^^^^^^^^^^
    ...<3 lines>...
    )
    ^
  File "C:\Users\jeffc\AppData\Local\Programs\Python\Python313\Lib\site-packages\httpx\_client.py", line 1694, in _send_handling_redirects
    response = await self._send_single_request(request)
               ^^^^^^^^^^^^^^^^^^^^^^^^^^^^^^^^^^^^^^^^
  File "C:\Users\jeffc\AppData\Local\Programs\Python\Python313\Lib\site-packages\httpx\_client.py", line 1730, in _send_single_request
    response = await transport.handle_async_request(request)
               ^^^^^^^^^^^^^^^^^^^^^^^^^^^^^^^^^^^^^^^^^^^^^
  File "C:\Users\jeffc\AppData\Local\Programs\Python\Python313\Lib\site-packages\httpx\_transports\default.py", line 393, in handle_async_request
    with map_httpcore_exceptions():
         ~~~~~~~~~~~~~~~~~~~~~~~^^
  File "C:\Users\jeffc\AppData\Local\Programs\Python\Python313\Lib\contextlib.py", line 162, in __exit__
    self.gen.throw(value)
    ~~~~~~~~~~~~~~^^^^^^^
  File "C:\Users\jeffc\AppData\Local\Programs\Python\Python313\Lib\site-packages\httpx\_transports\default.py", line 118, in map_httpcore_exceptions
    raise mapped_exc(message) from exc
httpx.ConnectError: [Errno 11001] getaddrinfo failed

The above exception was the direct cause of the following exception:

Traceback (most recent call last):
  File "C:\Users\jeffc\AppData\Local\Programs\Python\Python313\Lib\site-packages\telegram\ext\_utils\networkloop.py", line 161, in network_retry_loop
    await do_action()
  File "C:\Users\jeffc\AppData\Local\Programs\Python\Python313\Lib\site-packages\telegram\ext\_utils\networkloop.py", line 154, in do_action
    action_cb_task.result()
    ~~~~~~~~~~~~~~~~~~~~~^^
  File "C:\Users\jeffc\AppData\Local\Programs\Python\Python313\Lib\site-packages\telegram\ext\_updater.py", line 340, in polling_action_cb
    updates = await self.bot.get_updates(
              ^^^^^^^^^^^^^^^^^^^^^^^^^^^
    ...<3 lines>...
    )
    ^
  File "C:\Users\jeffc\AppData\Local\Programs\Python\Python313\Lib\site-packages\telegram\ext\_extbot.py", line 672, in get_updates
    updates = await super().get_updates(
              ^^^^^^^^^^^^^^^^^^^^^^^^^^
    ...<9 lines>...
    )
    ^
  File "C:\Users\jeffc\AppData\Local\Programs\Python\Python313\Lib\site-packages\telegram\_bot.py", line 4865, in get_updates
    await self._post(
    ^^^^^^^^^^^^^^^^^
    ...<7 lines>...
    ),
    ^
  File "C:\Users\jeffc\AppData\Local\Programs\Python\Python313\Lib\site-packages\telegram\_bot.py", line 704, in _post
    return await self._do_post(
           ^^^^^^^^^^^^^^^^^^^^
    ...<6 lines>...
    )
    ^
  File "C:\Users\jeffc\AppData\Local\Programs\Python\Python313\Lib\site-packages\telegram\ext\_extbot.py", line 370, in _do_post
    return await super()._do_post(
           ^^^^^^^^^^^^^^^^^^^^^^^
    ...<6 lines>...
    )
    ^
  File "C:\Users\jeffc\AppData\Local\Programs\Python\Python313\Lib\site-packages\telegram\_bot.py", line 733, in _do_post
    result = await request.post(
             ^^^^^^^^^^^^^^^^^^^
    ...<6 lines>...
    )
    ^
  File "C:\Users\jeffc\AppData\Local\Programs\Python\Python313\Lib\site-packages\telegram\request\_baserequest.py", line 198, in post
    result = await self._request_wrapper(
             ^^^^^^^^^^^^^^^^^^^^^^^^^^^^
    ...<7 lines>...
    )
    ^
  File "C:\Users\jeffc\AppData\Local\Programs\Python\Python313\Lib\site-packages\telegram\request\_baserequest.py", line 305, in _request_wrapper
    code, payload = await self.do_request(
                    ^^^^^^^^^^^^^^^^^^^^^^
    ...<7 lines>...
    )
    ^
  File "C:\Users\jeffc\AppData\Local\Programs\Python\Python313\Lib\site-packages\telegram\request\_httpxrequest.py", line 303, in do_request
    raise NetworkError(f"httpx.{err.__class__.__name__}: {err}") from err
telegram.error.NetworkError: httpx.ConnectError: [Errno 11001] getaddrinfo failed
2026-04-10 22:50:59,917 - ERROR - No error handlers are registered, logging exception.
Traceback (most recent call last):
  File "C:\Users\jeffc\AppData\Local\Programs\Python\Python313\Lib\site-packages\httpx\_transports\default.py", line 101, in map_httpcore_exceptions
    yield
  File "C:\Users\jeffc\AppData\Local\Programs\Python\Python313\Lib\site-packages\httpx\_transports\default.py", line 394, in handle_async_request
    resp = await self._pool.handle_async_request(req)
           ^^^^^^^^^^^^^^^^^^^^^^^^^^^^^^^^^^^^^^^^^^
  File "C:\Users\jeffc\AppData\Local\Programs\Python\Python313\Lib\site-packages\httpcore\_async\connection_pool.py", line 256, in handle_async_request
    raise exc from None
  File "C:\Users\jeffc\AppData\Local\Programs\Python\Python313\Lib\site-packages\httpcore\_async\connection_pool.py", line 236, in handle_async_request
    response = await connection.handle_async_request(
               ^^^^^^^^^^^^^^^^^^^^^^^^^^^^^^^^^^^^^^
        pool_request.request
        ^^^^^^^^^^^^^^^^^^^^
    )
    ^
  File "C:\Users\jeffc\AppData\Local\Programs\Python\Python313\Lib\site-packages\httpcore\_async\connection.py", line 101, in handle_async_request
    raise exc
  File "C:\Users\jeffc\AppData\Local\Programs\Python\Python313\Lib\site-packages\httpcore\_async\connection.py", line 78, in handle_async_request
    stream = await self._connect(request)
             ^^^^^^^^^^^^^^^^^^^^^^^^^^^^
  File "C:\Users\jeffc\AppData\Local\Programs\Python\Python313\Lib\site-packages\httpcore\_async\connection.py", line 124, in _connect
    stream = await self._network_backend.connect_tcp(**kwargs)
             ^^^^^^^^^^^^^^^^^^^^^^^^^^^^^^^^^^^^^^^^^^^^^^^^^
  File "C:\Users\jeffc\AppData\Local\Programs\Python\Python313\Lib\site-packages\httpcore\_backends\auto.py", line 31, in connect_tcp
    return await self._backend.connect_tcp(
           ^^^^^^^^^^^^^^^^^^^^^^^^^^^^^^^^
    ...<5 lines>...
    )
    ^
  File "C:\Users\jeffc\AppData\Local\Programs\Python\Python313\Lib\site-packages\httpcore\_backends\anyio.py", line 113, in connect_tcp
    with map_exceptions(exc_map):
         ~~~~~~~~~~~~~~^^^^^^^^^
  File "C:\Users\jeffc\AppData\Local\Programs\Python\Python313\Lib\contextlib.py", line 162, in __exit__
    self.gen.throw(value)
    ~~~~~~~~~~~~~~^^^^^^^
  File "C:\Users\jeffc\AppData\Local\Programs\Python\Python313\Lib\site-packages\httpcore\_exceptions.py", line 14, in map_exceptions
    raise to_exc(exc) from exc
httpcore.ConnectError: [Errno 11001] getaddrinfo failed

The above exception was the direct cause of the following exception:

Traceback (most recent call last):
  File "C:\Users\jeffc\AppData\Local\Programs\Python\Python313\Lib\site-packages\telegram\request\_httpxrequest.py", line 279, in do_request
    res = await self._client.request(
          ^^^^^^^^^^^^^^^^^^^^^^^^^^^
    ...<6 lines>...
    )
    ^
  File "C:\Users\jeffc\AppData\Local\Programs\Python\Python313\Lib\site-packages\httpx\_client.py", line 1540, in request
    return await self.send(request, auth=auth, follow_redirects=follow_redirects)
           ^^^^^^^^^^^^^^^^^^^^^^^^^^^^^^^^^^^^^^^^^^^^^^^^^^^^^^^^^^^^^^^^^^^^^^
  File "C:\Users\jeffc\AppData\Local\Programs\Python\Python313\Lib\site-packages\httpx\_client.py", line 1629, in send
    response = await self._send_handling_auth(
               ^^^^^^^^^^^^^^^^^^^^^^^^^^^^^^^
    ...<4 lines>...
    )
    ^
  File "C:\Users\jeffc\AppData\Local\Programs\Python\Python313\Lib\site-packages\httpx\_client.py", line 1657, in _send_handling_auth
    response = await self._send_handling_redirects(
               ^^^^^^^^^^^^^^^^^^^^^^^^^^^^^^^^^^^^
    ...<3 lines>...
    )
    ^
  File "C:\Users\jeffc\AppData\Local\Programs\Python\Python313\Lib\site-packages\httpx\_client.py", line 1694, in _send_handling_redirects
    response = await self._send_single_request(request)
               ^^^^^^^^^^^^^^^^^^^^^^^^^^^^^^^^^^^^^^^^
  File "C:\Users\jeffc\AppData\Local\Programs\Python\Python313\Lib\site-packages\httpx\_client.py", line 1730, in _send_single_request
    response = await transport.handle_async_request(request)
               ^^^^^^^^^^^^^^^^^^^^^^^^^^^^^^^^^^^^^^^^^^^^^
  File "C:\Users\jeffc\AppData\Local\Programs\Python\Python313\Lib\site-packages\httpx\_transports\default.py", line 393, in handle_async_request
    with map_httpcore_exceptions():
         ~~~~~~~~~~~~~~~~~~~~~~~^^
  File "C:\Users\jeffc\AppData\Local\Programs\Python\Python313\Lib\contextlib.py", line 162, in __exit__
    self.gen.throw(value)
    ~~~~~~~~~~~~~~^^^^^^^
  File "C:\Users\jeffc\AppData\Local\Programs\Python\Python313\Lib\site-packages\httpx\_transports\default.py", line 118, in map_httpcore_exceptions
    raise mapped_exc(message) from exc
httpx.ConnectError: [Errno 11001] getaddrinfo failed

The above exception was the direct cause of the following exception:

Traceback (most recent call last):
  File "C:\Users\jeffc\AppData\Local\Programs\Python\Python313\Lib\site-packages\telegram\ext\_utils\networkloop.py", line 161, in network_retry_loop
    await do_action()
  File "C:\Users\jeffc\AppData\Local\Programs\Python\Python313\Lib\site-packages\telegram\ext\_utils\networkloop.py", line 154, in do_action
    action_cb_task.result()
    ~~~~~~~~~~~~~~~~~~~~~^^
  File "C:\Users\jeffc\AppData\Local\Programs\Python\Python313\Lib\site-packages\telegram\ext\_updater.py", line 340, in polling_action_cb
    updates = await self.bot.get_updates(
              ^^^^^^^^^^^^^^^^^^^^^^^^^^^
    ...<3 lines>...
    )
    ^
  File "C:\Users\jeffc\AppData\Local\Programs\Python\Python313\Lib\site-packages\telegram\ext\_extbot.py", line 672, in get_updates
    updates = await super().get_updates(
              ^^^^^^^^^^^^^^^^^^^^^^^^^^
    ...<9 lines>...
    )
    ^
  File "C:\Users\jeffc\AppData\Local\Programs\Python\Python313\Lib\site-packages\telegram\_bot.py", line 4865, in get_updates
    await self._post(
    ^^^^^^^^^^^^^^^^^
    ...<7 lines>...
    ),
    ^
  File "C:\Users\jeffc\AppData\Local\Programs\Python\Python313\Lib\site-packages\telegram\_bot.py", line 704, in _post
    return await self._do_post(
           ^^^^^^^^^^^^^^^^^^^^
    ...<6 lines>...
    )
    ^
  File "C:\Users\jeffc\AppData\Local\Programs\Python\Python313\Lib\site-packages\telegram\ext\_extbot.py", line 370, in _do_post
    return await super()._do_post(
           ^^^^^^^^^^^^^^^^^^^^^^^
    ...<6 lines>...
    )
    ^
  File "C:\Users\jeffc\AppData\Local\Programs\Python\Python313\Lib\site-packages\telegram\_bot.py", line 733, in _do_post
    result = await request.post(
             ^^^^^^^^^^^^^^^^^^^
    ...<6 lines>...
    )
    ^
  File "C:\Users\jeffc\AppData\Local\Programs\Python\Python313\Lib\site-packages\telegram\request\_baserequest.py", line 198, in post
    result = await self._request_wrapper(
             ^^^^^^^^^^^^^^^^^^^^^^^^^^^^
    ...<7 lines>...
    )
    ^
  File "C:\Users\jeffc\AppData\Local\Programs\Python\Python313\Lib\site-packages\telegram\request\_baserequest.py", line 305, in _request_wrapper
    code, payload = await self.do_request(
                    ^^^^^^^^^^^^^^^^^^^^^^
    ...<7 lines>...
    )
    ^
  File "C:\Users\jeffc\AppData\Local\Programs\Python\Python313\Lib\site-packages\telegram\request\_httpxrequest.py", line 303, in do_request
    raise NetworkError(f"httpx.{err.__class__.__name__}: {err}") from err
telegram.error.NetworkError: httpx.ConnectError: [Errno 11001] getaddrinfo failed
2026-04-10 22:51:25,853 - INFO - HTTP Request: POST https://api.telegram.org/bot8649771086:AAH1Y6UNYphhvYaRxoD_5xilfwy8eMmZj5M/getUpdates "HTTP/1.1 200 OK"
2026-04-10 22:51:27,722 - INFO - HTTP Request: POST https://api.telegram.org/bot8649771086:AAH1Y6UNYphhvYaRxoD_5xilfwy8eMmZj5M/sendMessage "HTTP/1.1 200 OK"
2026-04-10 22:51:28,304 - INFO - HTTP Request: POST https://api.telegram.org/bot8649771086:AAH1Y6UNYphhvYaRxoD_5xilfwy8eMmZj5M/sendMessage "HTTP/1.1 200 OK"
2026-04-10 22:51:28,884 - INFO - HTTP Request: POST https://api.telegram.org/bot8649771086:AAH1Y6UNYphhvYaRxoD_5xilfwy8eMmZj5M/sendMessage "HTTP/1.1 200 OK"
2026-04-10 22:51:36,389 - INFO - HTTP Request: POST https://api.telegram.org/bot8649771086:AAH1Y6UNYphhvYaRxoD_5xilfwy8eMmZj5M/getUpdates "HTTP/1.1 200 OK"
2026-04-10 22:51:39,051 - INFO - HTTP Request: POST https://api.telegram.org/bot8649771086:AAH1Y6UNYphhvYaRxoD_5xilfwy8eMmZj5M/getUpdates "HTTP/1.1 200 OK"
2026-04-10 22:51:39,488 - INFO - HTTP Request: POST https://api.telegram.org/bot8649771086:AAH1Y6UNYphhvYaRxoD_5xilfwy8eMmZj5M/sendMessage "HTTP/1.1 200 OK"
2026-04-10 22:51:49,156 - INFO - HTTP Request: POST https://api.telegram.org/bot8649771086:AAH1Y6UNYphhvYaRxoD_5xilfwy8eMmZj5M/getUpdates "HTTP/1.1 200 OK"
2026-04-10 22:51:59,257 - INFO - HTTP Request: POST https://api.telegram.org/bot8649771086:AAH1Y6UNYphhvYaRxoD_5xilfwy8eMmZj5M/getUpdates "HTTP/1.1 200 OK"
2026-04-10 22:52:09,355 - INFO - HTTP Request: POST https://api.telegram.org/bot8649771086:AAH1Y6UNYphhvYaRxoD_5xilfwy8eMmZj5M/getUpdates "HTTP/1.1 200 OK"
2026-04-10 22:52:19,450 - INFO - HTTP Request: POST https://api.telegram.org/bot8649771086:AAH1Y6UNYphhvYaRxoD_5xilfwy8eMmZj5M/getUpdates "HTTP/1.1 200 OK"
2026-04-10 22:52:29,536 - INFO - HTTP Request: POST https://api.telegram.org/bot8649771086:AAH1Y6UNYphhvYaRxoD_5xilfwy8eMmZj5M/getUpdates "HTTP/1.1 200 OK"
2026-04-10 22:52:39,628 - INFO - HTTP Request: POST https://api.telegram.org/bot8649771086:AAH1Y6UNYphhvYaRxoD_5xilfwy8eMmZj5M/getUpdates "HTTP/1.1 200 OK"
2026-04-10 22:52:49,719 - INFO - HTTP Request: POST https://api.telegram.org/bot8649771086:AAH1Y6UNYphhvYaRxoD_5xilfwy8eMmZj5M/getUpdates "HTTP/1.1 200 OK"
2026-04-10 22:52:59,816 - INFO - HTTP Request: POST https://api.telegram.org/bot8649771086:AAH1Y6UNYphhvYaRxoD_5xilfwy8eMmZj5M/getUpdates "HTTP/1.1 200 OK"
2026-04-10 22:53:09,911 - INFO - HTTP Request: POST https://api.telegram.org/bot8649771086:AAH1Y6UNYphhvYaRxoD_5xilfwy8eMmZj5M/getUpdates "HTTP/1.1 200 OK"
2026-04-10 22:53:20,011 - INFO - HTTP Request: POST https://api.telegram.org/bot8649771086:AAH1Y6UNYphhvYaRxoD_5xilfwy8eMmZj5M/getUpdates "HTTP/1.1 200 OK"
2026-04-10 22:53:30,128 - INFO - HTTP Request: POST https://api.telegram.org/bot8649771086:AAH1Y6UNYphhvYaRxoD_5xilfwy8eMmZj5M/getUpdates "HTTP/1.1 200 OK"
2026-04-10 22:53:40,218 - INFO - HTTP Request: POST https://api.telegram.org/bot8649771086:AAH1Y6UNYphhvYaRxoD_5xilfwy8eMmZj5M/getUpdates "HTTP/1.1 200 OK"
2026-04-10 22:53:50,311 - INFO - HTTP Request: POST https://api.telegram.org/bot8649771086:AAH1Y6UNYphhvYaRxoD_5xilfwy8eMmZj5M/getUpdates "HTTP/1.1 200 OK"
2026-04-10 22:54:00,419 - INFO - HTTP Request: POST https://api.telegram.org/bot8649771086:AAH1Y6UNYphhvYaRxoD_5xilfwy8eMmZj5M/getUpdates "HTTP/1.1 200 OK"
2026-04-10 22:54:10,515 - INFO - HTTP Request: POST https://api.telegram.org/bot8649771086:AAH1Y6UNYphhvYaRxoD_5xilfwy8eMmZj5M/getUpdates "HTTP/1.1 200 OK"
2026-04-10 22:54:20,617 - INFO - HTTP Request: POST https://api.telegram.org/bot8649771086:AAH1Y6UNYphhvYaRxoD_5xilfwy8eMmZj5M/getUpdates "HTTP/1.1 200 OK"
2026-04-10 22:54:30,753 - INFO - HTTP Request: POST https://api.telegram.org/bot8649771086:AAH1Y6UNYphhvYaRxoD_5xilfwy8eMmZj5M/getUpdates "HTTP/1.1 200 OK"
2026-04-10 22:54:40,847 - INFO - HTTP Request: POST https://api.telegram.org/bot8649771086:AAH1Y6UNYphhvYaRxoD_5xilfwy8eMmZj5M/getUpdates "HTTP/1.1 200 OK"
2026-04-10 22:54:50,958 - INFO - HTTP Request: POST https://api.telegram.org/bot8649771086:AAH1Y6UNYphhvYaRxoD_5xilfwy8eMmZj5M/getUpdates "HTTP/1.1 200 OK"
2026-04-10 22:55:01,066 - INFO - HTTP Request: POST https://api.telegram.org/bot8649771086:AAH1Y6UNYphhvYaRxoD_5xilfwy8eMmZj5M/getUpdates "HTTP/1.1 200 OK"
2026-04-10 22:55:11,156 - INFO - HTTP Request: POST https://api.telegram.org/bot8649771086:AAH1Y6UNYphhvYaRxoD_5xilfwy8eMmZj5M/getUpdates "HTTP/1.1 200 OK"
2026-04-10 22:55:21,264 - INFO - HTTP Request: POST https://api.telegram.org/bot8649771086:AAH1Y6UNYphhvYaRxoD_5xilfwy8eMmZj5M/getUpdates "HTTP/1.1 200 OK"
2026-04-10 22:55:31,355 - INFO - HTTP Request: POST https://api.telegram.org/bot8649771086:AAH1Y6UNYphhvYaRxoD_5xilfwy8eMmZj5M/getUpdates "HTTP/1.1 200 OK"
2026-04-10 22:55:41,447 - INFO - HTTP Request: POST https://api.telegram.org/bot8649771086:AAH1Y6UNYphhvYaRxoD_5xilfwy8eMmZj5M/getUpdates "HTTP/1.1 200 OK"
2026-04-10 22:55:51,552 - INFO - HTTP Request: POST https://api.telegram.org/bot8649771086:AAH1Y6UNYphhvYaRxoD_5xilfwy8eMmZj5M/getUpdates "HTTP/1.1 200 OK"
2026-04-10 22:56:01,661 - INFO - HTTP Request: POST https://api.telegram.org/bot8649771086:AAH1Y6UNYphhvYaRxoD_5xilfwy8eMmZj5M/getUpdates "HTTP/1.1 200 OK"
2026-04-10 22:56:11,781 - INFO - HTTP Request: POST https://api.telegram.org/bot8649771086:AAH1Y6UNYphhvYaRxoD_5xilfwy8eMmZj5M/getUpdates "HTTP/1.1 200 OK"
2026-04-10 22:56:21,894 - INFO - HTTP Request: POST https://api.telegram.org/bot8649771086:AAH1Y6UNYphhvYaRxoD_5xilfwy8eMmZj5M/getUpdates "HTTP/1.1 200 OK"
2026-04-10 22:56:32,029 - INFO - HTTP Request: POST https://api.telegram.org/bot8649771086:AAH1Y6UNYphhvYaRxoD_5xilfwy8eMmZj5M/getUpdates "HTTP/1.1 200 OK"
2026-04-10 22:56:42,137 - INFO - HTTP Request: POST https://api.telegram.org/bot8649771086:AAH1Y6UNYphhvYaRxoD_5xilfwy8eMmZj5M/getUpdates "HTTP/1.1 200 OK"
2026-04-10 22:56:52,309 - INFO - HTTP Request: POST https://api.telegram.org/bot8649771086:AAH1Y6UNYphhvYaRxoD_5xilfwy8eMmZj5M/getUpdates "HTTP/1.1 200 OK"
2026-04-10 22:57:02,412 - INFO - HTTP Request: POST https://api.telegram.org/bot8649771086:AAH1Y6UNYphhvYaRxoD_5xilfwy8eMmZj5M/getUpdates "HTTP/1.1 200 OK"
2026-04-10 22:57:12,529 - INFO - HTTP Request: POST https://api.telegram.org/bot8649771086:AAH1Y6UNYphhvYaRxoD_5xilfwy8eMmZj5M/getUpdates "HTTP/1.1 200 OK"
2026-04-10 22:57:22,636 - INFO - HTTP Request: POST https://api.telegram.org/bot8649771086:AAH1Y6UNYphhvYaRxoD_5xilfwy8eMmZj5M/getUpdates "HTTP/1.1 200 OK"
2026-04-10 22:57:32,751 - INFO - HTTP Request: POST https://api.telegram.org/bot8649771086:AAH1Y6UNYphhvYaRxoD_5xilfwy8eMmZj5M/getUpdates "HTTP/1.1 200 OK"
2026-04-10 22:57:42,859 - INFO - HTTP Request: POST https://api.telegram.org/bot8649771086:AAH1Y6UNYphhvYaRxoD_5xilfwy8eMmZj5M/getUpdates "HTTP/1.1 200 OK"
2026-04-10 22:57:52,984 - INFO - HTTP Request: POST https://api.telegram.org/bot8649771086:AAH1Y6UNYphhvYaRxoD_5xilfwy8eMmZj5M/getUpdates "HTTP/1.1 200 OK"
2026-04-10 22:58:03,081 - INFO - HTTP Request: POST https://api.telegram.org/bot8649771086:AAH1Y6UNYphhvYaRxoD_5xilfwy8eMmZj5M/getUpdates "HTTP/1.1 200 OK"
2026-04-10 22:58:13,204 - INFO - HTTP Request: POST https://api.telegram.org/bot8649771086:AAH1Y6UNYphhvYaRxoD_5xilfwy8eMmZj5M/getUpdates "HTTP/1.1 200 OK"
2026-04-10 22:58:23,339 - INFO - HTTP Request: POST https://api.telegram.org/bot8649771086:AAH1Y6UNYphhvYaRxoD_5xilfwy8eMmZj5M/getUpdates "HTTP/1.1 200 OK"
2026-04-10 22:58:33,434 - INFO - HTTP Request: POST https://api.telegram.org/bot8649771086:AAH1Y6UNYphhvYaRxoD_5xilfwy8eMmZj5M/getUpdates "HTTP/1.1 200 OK"
2026-04-10 22:58:43,541 - INFO - HTTP Request: POST https://api.telegram.org/bot8649771086:AAH1Y6UNYphhvYaRxoD_5xilfwy8eMmZj5M/getUpdates "HTTP/1.1 200 OK"
2026-04-10 22:58:53,649 - INFO - HTTP Request: POST https://api.telegram.org/bot8649771086:AAH1Y6UNYphhvYaRxoD_5xilfwy8eMmZj5M/getUpdates "HTTP/1.1 200 OK"
2026-04-10 22:59:03,744 - INFO - HTTP Request: POST https://api.telegram.org/bot8649771086:AAH1Y6UNYphhvYaRxoD_5xilfwy8eMmZj5M/getUpdates "HTTP/1.1 200 OK"
2026-04-10 22:59:13,853 - INFO - HTTP Request: POST https://api.telegram.org/bot8649771086:AAH1Y6UNYphhvYaRxoD_5xilfwy8eMmZj5M/getUpdates "HTTP/1.1 200 OK"
2026-04-10 22:59:23,958 - INFO - HTTP Request: POST https://api.telegram.org/bot8649771086:AAH1Y6UNYphhvYaRxoD_5xilfwy8eMmZj5M/getUpdates "HTTP/1.1 200 OK"
2026-04-10 22:59:34,067 - INFO - HTTP Request: POST https://api.telegram.org/bot8649771086:AAH1Y6UNYphhvYaRxoD_5xilfwy8eMmZj5M/getUpdates "HTTP/1.1 200 OK"
2026-04-10 22:59:44,163 - INFO - HTTP Request: POST https://api.telegram.org/bot8649771086:AAH1Y6UNYphhvYaRxoD_5xilfwy8eMmZj5M/getUpdates "HTTP/1.1 200 OK"
2026-04-10 22:59:54,278 - INFO - HTTP Request: POST https://api.telegram.org/bot8649771086:AAH1Y6UNYphhvYaRxoD_5xilfwy8eMmZj5M/getUpdates "HTTP/1.1 200 OK"
2026-04-10 23:00:04,413 - INFO - HTTP Request: POST https://api.telegram.org/bot8649771086:AAH1Y6UNYphhvYaRxoD_5xilfwy8eMmZj5M/getUpdates "HTTP/1.1 200 OK"
2026-04-10 23:00:14,524 - INFO - HTTP Request: POST https://api.telegram.org/bot8649771086:AAH1Y6UNYphhvYaRxoD_5xilfwy8eMmZj5M/getUpdates "HTTP/1.1 200 OK"
2026-04-10 23:00:24,710 - INFO - HTTP Request: POST https://api.telegram.org/bot8649771086:AAH1Y6UNYphhvYaRxoD_5xilfwy8eMmZj5M/getUpdates "HTTP/1.1 200 OK"
2026-04-10 23:00:34,897 - INFO - HTTP Request: POST https://api.telegram.org/bot8649771086:AAH1Y6UNYphhvYaRxoD_5xilfwy8eMmZj5M/getUpdates "HTTP/1.1 200 OK"
2026-04-10 23:00:45,011 - INFO - HTTP Request: POST https://api.telegram.org/bot8649771086:AAH1Y6UNYphhvYaRxoD_5xilfwy8eMmZj5M/getUpdates "HTTP/1.1 200 OK"
